Start Point, End Point, WNS (ns)
irq_fast_i[11],instr_addr_o[30],-0.5351
irq_fast_i[11],instr_addr_o[28],-0.5211
irq_fast_i[11],instr_addr_o[24],-0.4686
irq_fast_i[11],instr_addr_o[22],-0.4686
irq_fast_i[11],instr_addr_o[26],-0.4686
irq_fast_i[11],instr_addr_o[20],-0.4601
irq_fast_i[11],instr_addr_o[19],-0.4598
irq_fast_i[11],instr_addr_o[29],-0.4487
irq_fast_i[11],instr_addr_o[31],-0.4443
irq_fast_i[11],instr_addr_o[27],-0.4324
irq_fast_i[11],instr_addr_o[15],-0.4061
irq_fast_i[11],instr_addr_o[13],-0.4042
irq_fast_i[11],instr_addr_o[17],-0.4042
irq_fast_i[11],instr_addr_o[23],-0.4018
irq_fast_i[11],instr_addr_o[25],-0.4016
irq_fast_i[11],instr_addr_o[21],-0.4015
irq_fast_i[11],instr_addr_o[18],-0.4013
irq_fast_i[11],instr_req_o,-0.3967
irq_fast_i[11],instr_addr_o[11],-0.3951
irq_fast_i[11],instr_addr_o[6],-0.3628
irq_fast_i[11],instr_addr_o[10],-0.3519
irq_fast_i[11],instr_addr_o[16],-0.3518
irq_fast_i[11],instr_addr_o[12],-0.3518
irq_fast_i[11],instr_addr_o[14],-0.3515
irq_fast_i[11],instr_addr_o[3],-0.3432
irq_fast_i[11],instr_addr_o[7],-0.3432
irq_fast_i[11],instr_addr_o[9],-0.3432
irq_fast_i[11],instr_addr_o[8],-0.3351
irq_fast_i[11],instr_addr_o[4],-0.304
irq_fast_i[11],instr_addr_o[2],-0.3014
irq_fast_i[11],instr_addr_o[5],-0.2997
irq_fast_i[11],core_sleep_o,0.3143
