Start Point, End Point, WNS (ns)
instr_err_i,crash_dump_o,-0.3706
instr_err_i,crash_dump_o,-0.3626
instr_err_i,crash_dump_o,-0.3506
instr_err_i,crash_dump_o,-0.3161
instr_err_i,crash_dump_o,-0.2577
instr_err_i,crash_dump_o,-0.2261
instr_err_i,crash_dump_o,-0.1902
instr_err_i,crash_dump_o,-0.1824
instr_err_i,crash_dump_o,-0.131
instr_err_i,crash_dump_o,-0.0942
instr_err_i,crash_dump_o,-0.0583
instr_err_i,crash_dump_o,-0.0431
instr_err_i,crash_dump_o,-0.042
irq_fast_i[11],u_ibex_core.if_stage_i.gen_prefetch_buffer.prefetch_buffer_i.fetch_addr_q,-0.0395
irq_fast_i[11],u_ibex_core.if_stage_i.gen_prefetch_buffer.prefetch_buffer_i.fetch_addr_q,-0.0248
irq_fast_i[11],u_ibex_core.if_stage_i.gen_prefetch_buffer.prefetch_buffer_i.fetch_addr_q,0.0157
instr_err_i,crash_dump_o,0.0221
irq_fast_i[11],u_ibex_core.if_stage_i.gen_prefetch_buffer.prefetch_buffer_i.fetch_addr_q,0.0406
instr_err_i,crash_dump_o,0.0504
irq_fast_i[11],u_ibex_core.if_stage_i.gen_prefetch_buffer.prefetch_buffer_i.fetch_addr_q,0.0811
instr_err_i,crash_dump_o,0.1047
irq_fast_i[11],u_ibex_core.if_stage_i.gen_prefetch_buffer.prefetch_buffer_i.fetch_addr_q,0.106
instr_err_i,crash_dump_o,0.1089
irq_fast_i[11],u_ibex_core.if_stage_i.gen_prefetch_buffer.prefetch_buffer_i.fetch_addr_q,0.1465
instr_err_i,crash_dump_o,0.1649
instr_rdata_i[19],genblk3.genblk1.gen_regfile_latch.register_file_i.waddr_a_i,0.1655
irq_fast_i[11],u_ibex_core.if_stage_i.gen_prefetch_buffer.prefetch_buffer_i.fetch_addr_q,0.1714
instr_rdata_i[23],genblk3.genblk1.gen_regfile_latch.register_file_i.raddr_b_i,0.1729
instr_err_i,crash_dump_o,0.1932
instr_rdata_i[23],genblk3.genblk1.gen_regfile_latch.register_file_i.raddr_a_i,0.1943
instr_rdata_i[23],genblk3.genblk1.gen_regfile_latch.register_file_i.raddr_b_i,0.2109
instr_rdata_i[23],genblk3.genblk1.gen_regfile_latch.register_file_i.raddr_b_i,0.2112
instr_rdata_i[19],genblk3.genblk1.gen_regfile_latch.register_file_i.waddr_a_i,0.2119
irq_fast_i[11],u_ibex_core.if_stage_i.gen_prefetch_buffer.prefetch_buffer_i.fetch_addr_q,0.2119
instr_rdata_i[23],genblk3.genblk1.gen_regfile_latch.register_file_i.raddr_a_i,0.2151
data_rvalid_i,u_ibex_core.if_stage_i.gen_prefetch_buffer.prefetch_buffer_i.fifo_i.err_q,0.221
data_rvalid_i,u_ibex_core.if_stage_i.gen_prefetch_buffer.prefetch_buffer_i.fifo_i.rdata_q,0.221
data_rvalid_i,u_ibex_core.if_stage_i.gen_prefetch_buffer.prefetch_buffer_i.fifo_i.rdata_q,0.221
data_rvalid_i,u_ibex_core.if_stage_i.gen_prefetch_buffer.prefetch_buffer_i.fifo_i.rdata_q,0.221
data_rvalid_i,u_ibex_core.if_stage_i.gen_prefetch_buffer.prefetch_buffer_i.fifo_i.rdata_q,0.221
data_rvalid_i,u_ibex_core.if_stage_i.gen_prefetch_buffer.prefetch_buffer_i.fifo_i.rdata_q,0.221
data_rvalid_i,u_ibex_core.if_stage_i.gen_prefetch_buffer.prefetch_buffer_i.fifo_i.rdata_q,0.221
data_rvalid_i,u_ibex_core.if_stage_i.gen_prefetch_buffer.prefetch_buffer_i.fifo_i.rdata_q,0.221
data_rvalid_i,u_ibex_core.if_stage_i.gen_prefetch_buffer.prefetch_buffer_i.fifo_i.rdata_q,0.221
data_rvalid_i,u_ibex_core.if_stage_i.gen_prefetch_buffer.prefetch_buffer_i.fifo_i.rdata_q,0.221
data_rvalid_i,u_ibex_core.if_stage_i.gen_prefetch_buffer.prefetch_buffer_i.fifo_i.rdata_q,0.221
data_rvalid_i,u_ibex_core.if_stage_i.gen_prefetch_buffer.prefetch_buffer_i.fifo_i.rdata_q,0.221
data_rvalid_i,u_ibex_core.if_stage_i.gen_prefetch_buffer.prefetch_buffer_i.fifo_i.rdata_q,0.221
data_rvalid_i,u_ibex_core.if_stage_i.gen_prefetch_buffer.prefetch_buffer_i.fifo_i.rdata_q,0.221
data_rvalid_i,u_ibex_core.if_stage_i.gen_prefetch_buffer.prefetch_buffer_i.fifo_i.rdata_q,0.221
data_rvalid_i,u_ibex_core.if_stage_i.gen_prefetch_buffer.prefetch_buffer_i.fifo_i.rdata_q,0.221
data_rvalid_i,u_ibex_core.if_stage_i.gen_prefetch_buffer.prefetch_buffer_i.fifo_i.rdata_q,0.221
data_rvalid_i,u_ibex_core.if_stage_i.gen_prefetch_buffer.prefetch_buffer_i.fifo_i.rdata_q,0.221
data_rvalid_i,u_ibex_core.if_stage_i.gen_prefetch_buffer.prefetch_buffer_i.fifo_i.rdata_q,0.221
data_rvalid_i,u_ibex_core.if_stage_i.gen_prefetch_buffer.prefetch_buffer_i.fifo_i.rdata_q,0.221
data_rvalid_i,u_ibex_core.if_stage_i.gen_prefetch_buffer.prefetch_buffer_i.fifo_i.rdata_q,0.221
data_rvalid_i,u_ibex_core.if_stage_i.gen_prefetch_buffer.prefetch_buffer_i.fifo_i.rdata_q,0.221
data_rvalid_i,u_ibex_core.if_stage_i.gen_prefetch_buffer.prefetch_buffer_i.fifo_i.rdata_q,0.221
data_rvalid_i,u_ibex_core.if_stage_i.gen_prefetch_buffer.prefetch_buffer_i.fifo_i.rdata_q,0.221
data_rvalid_i,u_ibex_core.if_stage_i.gen_prefetch_buffer.prefetch_buffer_i.fifo_i.rdata_q,0.221
data_rvalid_i,u_ibex_core.if_stage_i.gen_prefetch_buffer.prefetch_buffer_i.fifo_i.rdata_q,0.221
data_rvalid_i,u_ibex_core.if_stage_i.gen_prefetch_buffer.prefetch_buffer_i.fifo_i.rdata_q,0.221
data_rvalid_i,u_ibex_core.if_stage_i.gen_prefetch_buffer.prefetch_buffer_i.fifo_i.rdata_q,0.221
data_rvalid_i,u_ibex_core.if_stage_i.gen_prefetch_buffer.prefetch_buffer_i.fifo_i.rdata_q,0.221
data_rvalid_i,u_ibex_core.if_stage_i.gen_prefetch_buffer.prefetch_buffer_i.fifo_i.rdata_q,0.221
data_rvalid_i,u_ibex_core.if_stage_i.gen_prefetch_buffer.prefetch_buffer_i.fifo_i.err_q,0.221
data_rvalid_i,u_ibex_core.if_stage_i.gen_prefetch_buffer.prefetch_buffer_i.fifo_i.rdata_q,0.221
data_rvalid_i,u_ibex_core.if_stage_i.gen_prefetch_buffer.prefetch_buffer_i.fifo_i.rdata_q,0.221
data_rvalid_i,u_ibex_core.if_stage_i.gen_prefetch_buffer.prefetch_buffer_i.fifo_i.rdata_q,0.221
data_rvalid_i,u_ibex_core.if_stage_i.gen_prefetch_buffer.prefetch_buffer_i.fifo_i.rdata_q,0.221
data_rvalid_i,u_ibex_core.if_stage_i.gen_prefetch_buffer.prefetch_buffer_i.fifo_i.rdata_q,0.221
data_rvalid_i,u_ibex_core.if_stage_i.gen_prefetch_buffer.prefetch_buffer_i.fifo_i.rdata_q,0.221
data_rvalid_i,u_ibex_core.if_stage_i.gen_prefetch_buffer.prefetch_buffer_i.fifo_i.rdata_q,0.221
data_rvalid_i,u_ibex_core.if_stage_i.gen_prefetch_buffer.prefetch_buffer_i.fifo_i.rdata_q,0.221
data_rvalid_i,u_ibex_core.if_stage_i.gen_prefetch_buffer.prefetch_buffer_i.fifo_i.rdata_q,0.221
data_rvalid_i,u_ibex_core.if_stage_i.gen_prefetch_buffer.prefetch_buffer_i.fifo_i.rdata_q,0.221
data_rvalid_i,u_ibex_core.if_stage_i.gen_prefetch_buffer.prefetch_buffer_i.fifo_i.rdata_q,0.221
data_rvalid_i,u_ibex_core.if_stage_i.gen_prefetch_buffer.prefetch_buffer_i.fifo_i.rdata_q,0.221
data_rvalid_i,u_ibex_core.if_stage_i.gen_prefetch_buffer.prefetch_buffer_i.fifo_i.rdata_q,0.221
data_rvalid_i,u_ibex_core.if_stage_i.gen_prefetch_buffer.prefetch_buffer_i.fifo_i.rdata_q,0.221
data_rvalid_i,u_ibex_core.if_stage_i.gen_prefetch_buffer.prefetch_buffer_i.fifo_i.rdata_q,0.221
data_rvalid_i,u_ibex_core.if_stage_i.gen_prefetch_buffer.prefetch_buffer_i.fifo_i.rdata_q,0.221
data_rvalid_i,u_ibex_core.if_stage_i.gen_prefetch_buffer.prefetch_buffer_i.fifo_i.rdata_q,0.221
data_rvalid_i,u_ibex_core.if_stage_i.gen_prefetch_buffer.prefetch_buffer_i.fifo_i.rdata_q,0.221
data_rvalid_i,u_ibex_core.if_stage_i.gen_prefetch_buffer.prefetch_buffer_i.fifo_i.rdata_q,0.221
data_rvalid_i,u_ibex_core.if_stage_i.gen_prefetch_buffer.prefetch_buffer_i.fifo_i.rdata_q,0.221
data_rvalid_i,u_ibex_core.if_stage_i.gen_prefetch_buffer.prefetch_buffer_i.fifo_i.rdata_q,0.221
data_rvalid_i,u_ibex_core.if_stage_i.gen_prefetch_buffer.prefetch_buffer_i.fifo_i.rdata_q,0.221
data_rvalid_i,u_ibex_core.if_stage_i.gen_prefetch_buffer.prefetch_buffer_i.fifo_i.rdata_q,0.221
data_rvalid_i,u_ibex_core.if_stage_i.gen_prefetch_buffer.prefetch_buffer_i.fifo_i.rdata_q,0.221
data_rvalid_i,u_ibex_core.if_stage_i.gen_prefetch_buffer.prefetch_buffer_i.fifo_i.rdata_q,0.221
data_rvalid_i,u_ibex_core.if_stage_i.gen_prefetch_buffer.prefetch_buffer_i.fifo_i.rdata_q,0.221
data_rvalid_i,u_ibex_core.if_stage_i.gen_prefetch_buffer.prefetch_buffer_i.fifo_i.rdata_q,0.221
data_rvalid_i,u_ibex_core.if_stage_i.gen_prefetch_buffer.prefetch_buffer_i.fifo_i.rdata_q,0.221
data_rvalid_i,u_ibex_core.if_stage_i.gen_prefetch_buffer.prefetch_buffer_i.fifo_i.rdata_q,0.221
instr_rdata_i[23],genblk3.genblk1.gen_regfile_latch.register_file_i.raddr_b_i,0.2296
instr_rdata_i[19],genblk3.genblk1.gen_regfile_latch.register_file_i.raddr_a_i,0.2304
instr_rdata_i[23],genblk3.genblk1.gen_regfile_latch.register_file_i.raddr_a_i,0.2323
irq_fast_i[11],u_ibex_core.if_stage_i.gen_prefetch_buffer.prefetch_buffer_i.fetch_addr_q,0.2368
instr_rdata_i[29],genblk3.genblk1.gen_regfile_latch.register_file_i.raddr_a_i,0.2414
data_rvalid_i,u_ibex_core.cs_registers_i.mcycle_counter_i.counter,0.2445
data_rvalid_i,u_ibex_core.cs_registers_i.mcycle_counter_i.counter,0.2445
data_rvalid_i,u_ibex_core.cs_registers_i.mcycle_counter_i.counter,0.2445
data_rvalid_i,u_ibex_core.cs_registers_i.mcycle_counter_i.counter,0.2445
data_rvalid_i,u_ibex_core.cs_registers_i.mcycle_counter_i.counter,0.2445
data_rvalid_i,u_ibex_core.cs_registers_i.mcycle_counter_i.counter,0.2445
data_rvalid_i,u_ibex_core.cs_registers_i.mcycle_counter_i.counter,0.2445
data_rvalid_i,u_ibex_core.cs_registers_i.mcycle_counter_i.counter,0.2445
data_rvalid_i,u_ibex_core.cs_registers_i.mcycle_counter_i.counter,0.2445
data_rvalid_i,u_ibex_core.cs_registers_i.mcycle_counter_i.counter,0.2445
data_rvalid_i,u_ibex_core.cs_registers_i.mcycle_counter_i.counter,0.2445
data_rvalid_i,u_ibex_core.cs_registers_i.mcycle_counter_i.counter,0.2445
data_rvalid_i,u_ibex_core.cs_registers_i.mcycle_counter_i.counter,0.2445
data_rvalid_i,u_ibex_core.cs_registers_i.mcycle_counter_i.counter,0.2445
data_rvalid_i,u_ibex_core.cs_registers_i.mcycle_counter_i.counter,0.2445
data_rvalid_i,u_ibex_core.cs_registers_i.mcycle_counter_i.counter,0.2445
data_rvalid_i,u_ibex_core.cs_registers_i.mcycle_counter_i.counter,0.2445
data_rvalid_i,u_ibex_core.cs_registers_i.mcycle_counter_i.counter,0.2445
data_rvalid_i,u_ibex_core.cs_registers_i.mcycle_counter_i.counter,0.2445
data_rvalid_i,u_ibex_core.cs_registers_i.mcycle_counter_i.counter,0.2445
data_rvalid_i,u_ibex_core.if_stage_i.gen_prefetch_buffer.prefetch_buffer_i.fifo_i.rdata_q,0.246
data_rvalid_i,u_ibex_core.if_stage_i.gen_prefetch_buffer.prefetch_buffer_i.fifo_i.rdata_q,0.246
data_rvalid_i,u_ibex_core.if_stage_i.gen_prefetch_buffer.prefetch_buffer_i.fifo_i.rdata_q,0.246
data_rvalid_i,u_ibex_core.if_stage_i.gen_prefetch_buffer.prefetch_buffer_i.fifo_i.rdata_q,0.246
data_rvalid_i,u_ibex_core.if_stage_i.gen_prefetch_buffer.prefetch_buffer_i.fifo_i.rdata_q,0.246
data_rvalid_i,u_ibex_core.if_stage_i.gen_prefetch_buffer.prefetch_buffer_i.fifo_i.rdata_q,0.246
data_rvalid_i,u_ibex_core.cs_registers_i.mcycle_counter_i.counter,0.2463
data_rvalid_i,u_ibex_core.cs_registers_i.mcycle_counter_i.counter,0.2463
data_rvalid_i,u_ibex_core.cs_registers_i.mcycle_counter_i.counter,0.2463
data_rvalid_i,u_ibex_core.cs_registers_i.mcycle_counter_i.counter,0.2463
data_rvalid_i,u_ibex_core.cs_registers_i.mcycle_counter_i.counter,0.2463
data_rvalid_i,u_ibex_core.cs_registers_i.mhpmcounter[2],0.2474
instr_rdata_i[19],genblk3.genblk1.gen_regfile_latch.register_file_i.waddr_a_i,0.2477
data_rvalid_i,u_ibex_core.cs_registers_i.dcsr_q,0.2483
data_rvalid_i,u_ibex_core.cs_registers_i.dcsr_q,0.2483
data_rvalid_i,u_ibex_core.cs_registers_i.mhpmcounter[2],0.2496
data_rvalid_i,u_ibex_core.cs_registers_i.mhpmcounter[2],0.2501
data_rvalid_i,u_ibex_core.cs_registers_i.mhpmcounter[2],0.2502
data_rvalid_i,u_ibex_core.cs_registers_i.mhpmcounter[2],0.2502
data_rvalid_i,u_ibex_core.cs_registers_i.mhpmcounter[2],0.2502
data_rvalid_i,u_ibex_core.cs_registers_i.mhpmcounter[2],0.2502
data_rvalid_i,u_ibex_core.cs_registers_i.mhpmcounter[2],0.2502
instr_rdata_i[19],genblk3.genblk1.gen_regfile_latch.register_file_i.waddr_a_i,0.2503
instr_err_i,crash_dump_o,0.2517
data_rvalid_i,u_ibex_core.cs_registers_i.mhpmcounter[2],0.2521
data_rvalid_i,u_ibex_core.cs_registers_i.mhpmcounter[2],0.2521
data_rvalid_i,u_ibex_core.cs_registers_i.mhpmcounter[2],0.2521
data_rvalid_i,u_ibex_core.cs_registers_i.mhpmcounter[2],0.2524
data_rvalid_i,u_ibex_core.cs_registers_i.mhpmcounter[2],0.2524
data_rvalid_i,u_ibex_core.cs_registers_i.mhpmcounter[2],0.2524
data_rvalid_i,u_ibex_core.cs_registers_i.mhpmcounter[2],0.2524
data_rvalid_i,u_ibex_core.cs_registers_i.mhpmcounter[2],0.2524
data_rvalid_i,u_ibex_core.cs_registers_i.mhpmcounter[2],0.2524
data_rvalid_i,u_ibex_core.cs_registers_i.mhpmcounter[2],0.2524
data_rvalid_i,u_ibex_core.cs_registers_i.mhpmcounter[2],0.2524
data_rvalid_i,u_ibex_core.cs_registers_i.mhpmcounter[2],0.2524
data_rvalid_i,u_ibex_core.cs_registers_i.mhpmcounter[2],0.2524
data_rvalid_i,u_ibex_core.cs_registers_i.mhpmcounter[2],0.2524
data_rvalid_i,u_ibex_core.cs_registers_i.mhpmcounter[2],0.2524
data_rvalid_i,u_ibex_core.cs_registers_i.mhpmcounter[2],0.2524
data_rvalid_i,u_ibex_core.cs_registers_i.mhpmcounter[2],0.2524
data_rvalid_i,u_ibex_core.cs_registers_i.mhpmcounter[2],0.2524
data_rvalid_i,u_ibex_core.cs_registers_i.mhpmcounter[2],0.2524
data_rvalid_i,u_ibex_core.cs_registers_i.mhpmcounter[2],0.2524
data_rvalid_i,u_ibex_core.cs_registers_i.mhpmcounter[2],0.2524
data_rvalid_i,u_ibex_core.cs_registers_i.mhpmcounter[2],0.2524
data_rvalid_i,u_ibex_core.cs_registers_i.mhpmcounter[2],0.2524
data_rvalid_i,u_ibex_core.cs_registers_i.mhpmcounter[2],0.2524
data_rvalid_i,u_ibex_core.cs_registers_i.mhpmcounter[2],0.2524
data_rvalid_i,u_ibex_core.cs_registers_i.mhpmcounter[2],0.2524
data_rvalid_i,u_ibex_core.cs_registers_i.mhpmcounter[2],0.2524
data_rvalid_i,u_ibex_core.cs_registers_i.mhpmcounter[2],0.2524
data_rvalid_i,u_ibex_core.cs_registers_i.mhpmcounter[2],0.2524
data_rvalid_i,u_ibex_core.cs_registers_i.mhpmcounter[2],0.2524
data_rvalid_i,u_ibex_core.cs_registers_i.mhpmcounter[2],0.2524
data_rvalid_i,u_ibex_core.cs_registers_i.mhpmcounter[2],0.2524
data_rvalid_i,u_ibex_core.cs_registers_i.mhpmcounter[2],0.2524
data_rvalid_i,u_ibex_core.cs_registers_i.mhpmcounter[2],0.2524
data_rvalid_i,u_ibex_core.cs_registers_i.mhpmcounter[2],0.2524
data_rvalid_i,u_ibex_core.cs_registers_i.mhpmcounter[2],0.2524
data_rvalid_i,u_ibex_core.cs_registers_i.mhpmcounter[2],0.2524
data_rvalid_i,u_ibex_core.cs_registers_i.mhpmcounter[2],0.2524
data_rvalid_i,u_ibex_core.cs_registers_i.mhpmcounter[2],0.2524
data_rvalid_i,u_ibex_core.cs_registers_i.mhpmcounter[2],0.2524
data_rvalid_i,u_ibex_core.cs_registers_i.mhpmcounter[2],0.2524
data_rvalid_i,u_ibex_core.cs_registers_i.mhpmcounter[2],0.2524
data_rvalid_i,u_ibex_core.cs_registers_i.mhpmcounter[2],0.2524
data_rvalid_i,u_ibex_core.cs_registers_i.mhpmcounter[2],0.2524
data_rvalid_i,u_ibex_core.cs_registers_i.mhpmcounter[2],0.2524
data_rvalid_i,u_ibex_core.cs_registers_i.mhpmcounter[2],0.2524
data_rvalid_i,u_ibex_core.cs_registers_i.mhpmcounter[2],0.2524
data_rvalid_i,u_ibex_core.cs_registers_i.mhpmcounter[2],0.2524
data_rvalid_i,u_ibex_core.cs_registers_i.mhpmcounter[2],0.2524
data_rvalid_i,u_ibex_core.cs_registers_i.mhpmcounter[2],0.2524
data_rvalid_i,u_ibex_core.cs_registers_i.mhpmcounter[2],0.2524
data_rvalid_i,u_ibex_core.cs_registers_i.mhpmcounter[2],0.2524
data_rvalid_i,u_ibex_core.cs_registers_i.mhpmcounter[2],0.2524
data_rvalid_i,u_ibex_core.cs_registers_i.mhpmcounter[2],0.2524
data_rvalid_i,u_ibex_core.cs_registers_i.mcycle_counter_i.counter,0.2527
data_rvalid_i,u_ibex_core.cs_registers_i.mcycle_counter_i.counter,0.2527
data_rvalid_i,u_ibex_core.cs_registers_i.mcycle_counter_i.counter,0.2527
data_rvalid_i,u_ibex_core.cs_registers_i.mcycle_counter_i.counter,0.2528
data_rvalid_i,u_ibex_core.cs_registers_i.mcycle_counter_i.counter,0.2528
instr_rdata_i[19],u_ibex_core.id_stage_i.controller_i.instr_i,0.2595
data_rvalid_i,u_ibex_core.id_stage_i.controller_i.instr_fetch_err_plus2_i,0.2609
data_rvalid_i,u_ibex_core.cs_registers_i.mcycle_counter_i.counter,0.263
data_rvalid_i,u_ibex_core.cs_registers_i.mcycle_counter_i.counter,0.263
data_rvalid_i,u_ibex_core.cs_registers_i.mcycle_counter_i.counter,0.263
data_rvalid_i,u_ibex_core.cs_registers_i.mcycle_counter_i.counter,0.263
data_rvalid_i,u_ibex_core.cs_registers_i.mcycle_counter_i.counter,0.263
data_rvalid_i,u_ibex_core.cs_registers_i.mcycle_counter_i.counter,0.263
data_rvalid_i,u_ibex_core.cs_registers_i.mcycle_counter_i.counter,0.263
data_rvalid_i,u_ibex_core.cs_registers_i.mcycle_counter_i.counter,0.263
data_rvalid_i,u_ibex_core.cs_registers_i.mcycle_counter_i.counter,0.263
data_rvalid_i,u_ibex_core.cs_registers_i.mcycle_counter_i.counter,0.263
data_rvalid_i,u_ibex_core.cs_registers_i.mcycle_counter_i.counter,0.263
data_rvalid_i,u_ibex_core.cs_registers_i.mcycle_counter_i.counter,0.263
data_rvalid_i,u_ibex_core.cs_registers_i.mcycle_counter_i.counter,0.263
data_rvalid_i,u_ibex_core.cs_registers_i.mcycle_counter_i.counter,0.263
data_rvalid_i,u_ibex_core.cs_registers_i.mcycle_counter_i.counter,0.263
data_rvalid_i,u_ibex_core.cs_registers_i.mcycle_counter_i.counter,0.263
data_rvalid_i,u_ibex_core.cs_registers_i.mcycle_counter_i.counter,0.263
data_rvalid_i,u_ibex_core.cs_registers_i.mcycle_counter_i.counter,0.2634
data_rvalid_i,u_ibex_core.cs_registers_i.mcycle_counter_i.counter,0.2634
data_rvalid_i,u_ibex_core.cs_registers_i.mcycle_counter_i.counter,0.2634
data_rvalid_i,u_ibex_core.cs_registers_i.mcycle_counter_i.counter,0.2634
data_rvalid_i,u_ibex_core.cs_registers_i.mcycle_counter_i.counter,0.2634
data_rvalid_i,u_ibex_core.cs_registers_i.mcycle_counter_i.counter,0.2634
data_rvalid_i,u_ibex_core.cs_registers_i.mcycle_counter_i.counter,0.2634
data_rvalid_i,u_ibex_core.cs_registers_i.mcycle_counter_i.counter,0.2634
instr_rdata_i[29],u_ibex_core.id_stage_i.controller_i.instr_i,0.2653
data_rvalid_i,u_ibex_core.cs_registers_i.dscratch1_q,0.2659
data_rvalid_i,u_ibex_core.cs_registers_i.dscratch1_q,0.2659
data_rvalid_i,u_ibex_core.cs_registers_i.dscratch1_q,0.2659
data_rvalid_i,u_ibex_core.cs_registers_i.dscratch1_q,0.2659
data_rvalid_i,u_ibex_core.cs_registers_i.dscratch1_q,0.2659
data_rvalid_i,u_ibex_core.cs_registers_i.dscratch1_q,0.2659
data_rvalid_i,u_ibex_core.cs_registers_i.dscratch1_q,0.2659
data_rvalid_i,u_ibex_core.cs_registers_i.dscratch1_q,0.2659
data_rvalid_i,u_ibex_core.cs_registers_i.dscratch1_q,0.2659
data_rvalid_i,u_ibex_core.cs_registers_i.dscratch1_q,0.2659
data_rvalid_i,u_ibex_core.cs_registers_i.dscratch0_q,0.266
data_rvalid_i,u_ibex_core.cs_registers_i.dscratch0_q,0.266
data_rvalid_i,u_ibex_core.cs_registers_i.dscratch0_q,0.266
data_rvalid_i,u_ibex_core.cs_registers_i.dscratch0_q,0.266
data_rvalid_i,u_ibex_core.cs_registers_i.dscratch0_q,0.266
data_rvalid_i,u_ibex_core.cs_registers_i.dscratch0_q,0.266
data_rvalid_i,u_ibex_core.cs_registers_i.dscratch0_q,0.266
data_rvalid_i,u_ibex_core.cs_registers_i.dscratch0_q,0.266
data_rvalid_i,u_ibex_core.cs_registers_i.dscratch0_q,0.266
data_rvalid_i,u_ibex_core.cs_registers_i.dscratch0_q,0.266
instr_rdata_i[19],genblk3.genblk1.gen_regfile_latch.register_file_i.waddr_a_i,0.2661
instr_rdata_i[23],genblk3.genblk1.gen_regfile_latch.register_file_i.raddr_b_i,0.2662
data_rvalid_i,u_ibex_core.cs_registers_i.dscratch1_q,0.2666
data_rvalid_i,u_ibex_core.cs_registers_i.dscratch1_q,0.2666
data_rvalid_i,u_ibex_core.cs_registers_i.dscratch1_q,0.2666
data_rvalid_i,u_ibex_core.cs_registers_i.dscratch1_q,0.2666
data_rvalid_i,u_ibex_core.cs_registers_i.dscratch1_q,0.2666
data_rvalid_i,u_ibex_core.cs_registers_i.dscratch1_q,0.2666
data_rvalid_i,u_ibex_core.cs_registers_i.dscratch1_q,0.2666
data_rvalid_i,u_ibex_core.cs_registers_i.dscratch1_q,0.2666
data_rvalid_i,u_ibex_core.cs_registers_i.dscratch1_q,0.2666
data_rvalid_i,u_ibex_core.cs_registers_i.dscratch0_q,0.2666
data_rvalid_i,u_ibex_core.cs_registers_i.dscratch0_q,0.2666
data_rvalid_i,u_ibex_core.cs_registers_i.dscratch0_q,0.2666
data_rvalid_i,u_ibex_core.cs_registers_i.dscratch0_q,0.2666
data_rvalid_i,u_ibex_core.cs_registers_i.dscratch0_q,0.2666
data_rvalid_i,u_ibex_core.cs_registers_i.dscratch0_q,0.2666
data_rvalid_i,u_ibex_core.cs_registers_i.dscratch0_q,0.2666
data_rvalid_i,u_ibex_core.cs_registers_i.dscratch0_q,0.2666
data_rvalid_i,u_ibex_core.cs_registers_i.dscratch0_q,0.2666
data_rvalid_i,u_ibex_core.cs_registers_i.mie_q,0.267
data_rvalid_i,u_ibex_core.cs_registers_i.mie_q,0.267
data_rvalid_i,u_ibex_core.cs_registers_i.mie_q,0.267
data_rvalid_i,u_ibex_core.cs_registers_i.mie_q,0.267
data_rvalid_i,u_ibex_core.cs_registers_i.mie_q,0.267
data_rvalid_i,u_ibex_core.cs_registers_i.mie_q,0.267
data_rvalid_i,u_ibex_core.cs_registers_i.mie_q,0.267
data_rvalid_i,u_ibex_core.cs_registers_i.mie_q,0.267
data_rvalid_i,u_ibex_core.cs_registers_i.mcycle_counter_i.counter,0.2681
data_rvalid_i,u_ibex_core.cs_registers_i.mcycle_counter_i.counter,0.2681
data_rvalid_i,u_ibex_core.cs_registers_i.mcycle_counter_i.counter,0.2681
data_rvalid_i,u_ibex_core.cs_registers_i.mcycle_counter_i.counter,0.2681
data_rvalid_i,u_ibex_core.cs_registers_i.mcycle_counter_i.counter,0.2681
data_rvalid_i,u_ibex_core.cs_registers_i.mie_q,0.2681
data_rvalid_i,u_ibex_core.cs_registers_i.mie_q,0.2681
data_rvalid_i,u_ibex_core.cs_registers_i.mie_q,0.2681
data_rvalid_i,u_ibex_core.cs_registers_i.mie_q,0.2681
data_rvalid_i,u_ibex_core.cs_registers_i.mie_q,0.2681
data_rvalid_i,u_ibex_core.cs_registers_i.mcycle_counter_i.counter,0.2681
instr_rdata_i[23],u_ibex_core.id_stage_i.controller_i.instr_i,0.2682
data_rvalid_i,u_ibex_core.cs_registers_i.mhpmcounter[2],0.2692
irq_fast_i[11],u_ibex_core.if_stage_i.gen_prefetch_buffer.prefetch_buffer_i.fetch_addr_q,0.2692
data_err_i,u_ibex_core.id_stage_i.controller_i.instr_is_compressed_i,0.2692
data_err_i,u_ibex_core.id_stage_i.controller_i.instr_compressed_i,0.2692
data_err_i,u_ibex_core.id_stage_i.controller_i.instr_compressed_i,0.2692
data_err_i,crash_dump_o,0.2692
data_err_i,crash_dump_o,0.2692
data_err_i,crash_dump_o,0.2692
data_err_i,crash_dump_o,0.2692
data_err_i,crash_dump_o,0.2692
data_err_i,u_ibex_core.id_stage_i.controller_i.instr_compressed_i,0.2692
data_err_i,crash_dump_o,0.2692
data_err_i,crash_dump_o,0.2692
data_err_i,crash_dump_o,0.2692
data_err_i,u_ibex_core.id_stage_i.controller_i.instr_compressed_i,0.2692
data_err_i,crash_dump_o,0.2692
data_err_i,crash_dump_o,0.2692
data_err_i,crash_dump_o,0.2692
data_err_i,crash_dump_o,0.2692
data_err_i,crash_dump_o,0.2692
data_err_i,crash_dump_o,0.2692
data_err_i,crash_dump_o,0.2692
data_err_i,crash_dump_o,0.2692
data_err_i,crash_dump_o,0.2692
data_err_i,crash_dump_o,0.2692
data_err_i,crash_dump_o,0.2692
data_err_i,crash_dump_o,0.2692
data_err_i,crash_dump_o,0.2692
data_err_i,crash_dump_o,0.2692
data_err_i,crash_dump_o,0.2692
data_err_i,crash_dump_o,0.2692
data_err_i,crash_dump_o,0.2692
data_err_i,crash_dump_o,0.2692
data_err_i,crash_dump_o,0.2692
data_err_i,u_ibex_core.id_stage_i.controller_i.instr_compressed_i,0.2692
data_err_i,u_ibex_core.id_stage_i.controller_i.instr_compressed_i,0.2692
data_err_i,u_ibex_core.id_stage_i.controller_i.instr_compressed_i,0.2692
data_err_i,u_ibex_core.id_stage_i.decoder_i.illegal_c_insn_i,0.2692
data_err_i,u_ibex_core.id_stage_i.controller_i.instr_compressed_i,0.2692
data_err_i,u_ibex_core.id_stage_i.controller_i.instr_compressed_i,0.2692
data_err_i,u_ibex_core.id_stage_i.controller_i.instr_compressed_i,0.2692
data_err_i,u_ibex_core.id_stage_i.controller_i.instr_compressed_i,0.2692
data_rvalid_i,u_ibex_core.cs_registers_i.dscratch1_q,0.2713
data_rvalid_i,u_ibex_core.cs_registers_i.dscratch1_q,0.2713
data_rvalid_i,u_ibex_core.cs_registers_i.dscratch0_q,0.2713
data_rvalid_i,u_ibex_core.cs_registers_i.dscratch0_q,0.2713
data_err_i,crash_dump_o,0.2714
data_err_i,crash_dump_o,0.2714
data_err_i,crash_dump_o,0.2714
data_err_i,crash_dump_o,0.2714
data_rvalid_i,u_ibex_core.cs_registers_i.mscratch_q,0.2726
data_rvalid_i,u_ibex_core.cs_registers_i.mscratch_q,0.2726
data_rvalid_i,u_ibex_core.cs_registers_i.mscratch_q,0.2726
data_rvalid_i,u_ibex_core.cs_registers_i.mscratch_q,0.2726
data_rvalid_i,u_ibex_core.cs_registers_i.mscratch_q,0.2726
data_rvalid_i,u_ibex_core.cs_registers_i.mscratch_q,0.2726
data_rvalid_i,u_ibex_core.cs_registers_i.mscratch_q,0.2726
data_rvalid_i,u_ibex_core.cs_registers_i.mscratch_q,0.2726
data_rvalid_i,u_ibex_core.cs_registers_i.mscratch_q,0.2726
data_rvalid_i,u_ibex_core.cs_registers_i.mscratch_q,0.2726
data_rvalid_i,u_ibex_core.cs_registers_i.mscratch_q,0.273
data_rvalid_i,u_ibex_core.cs_registers_i.mscratch_q,0.273
data_rvalid_i,u_ibex_core.cs_registers_i.mscratch_q,0.273
data_rvalid_i,u_ibex_core.cs_registers_i.mscratch_q,0.273
data_rvalid_i,u_ibex_core.cs_registers_i.mscratch_q,0.273
data_rvalid_i,u_ibex_core.cs_registers_i.mscratch_q,0.273
data_rvalid_i,u_ibex_core.cs_registers_i.mscratch_q,0.273
data_rvalid_i,u_ibex_core.cs_registers_i.mscratch_q,0.273
data_rvalid_i,u_ibex_core.cs_registers_i.mscratch_q,0.273
data_rvalid_i,u_ibex_core.cs_registers_i.mcycle_counter_i.counter,0.2742
instr_rdata_i[29],u_ibex_core.id_stage_i.controller_i.instr_i,0.2744
data_rvalid_i,u_ibex_core.cs_registers_i.mscratch_q,0.2754
data_rvalid_i,u_ibex_core.cs_registers_i.mscratch_q,0.2754
instr_err_i,crash_dump_o,0.2775
data_rvalid_i,u_ibex_core.cs_registers_i.csr_mtvec_o,0.2786
data_rvalid_i,u_ibex_core.cs_registers_i.csr_mtvec_o,0.2786
data_rvalid_i,u_ibex_core.cs_registers_i.csr_mtvec_o,0.2786
data_rvalid_i,u_ibex_core.cs_registers_i.csr_mtvec_o,0.2786
data_rvalid_i,u_ibex_core.cs_registers_i.csr_mtvec_o,0.2786
data_rvalid_i,u_ibex_core.cs_registers_i.csr_mtvec_o,0.2786
data_rvalid_i,u_ibex_core.cs_registers_i.csr_mtvec_o,0.2786
data_rvalid_i,u_ibex_core.cs_registers_i.csr_mtvec_o,0.2786
data_rvalid_i,u_ibex_core.cs_registers_i.csr_mtvec_o,0.2786
data_rvalid_i,u_ibex_core.cs_registers_i.csr_mtvec_o,0.2786
data_rvalid_i,u_ibex_core.cs_registers_i.csr_mtvec_o,0.2786
data_rvalid_i,u_ibex_core.cs_registers_i.csr_mtvec_o,0.2786
data_rvalid_i,u_ibex_core.cs_registers_i.csr_mtvec_o,0.2786
data_rvalid_i,u_ibex_core.cs_registers_i.csr_mtvec_o,0.2786
data_rvalid_i,u_ibex_core.cs_registers_i.csr_mtvec_o,0.2786
data_rvalid_i,u_ibex_core.cs_registers_i.csr_mtvec_o,0.2786
data_rvalid_i,u_ibex_core.cs_registers_i.csr_mtvec_o,0.2786
data_rvalid_i,u_ibex_core.cs_registers_i.csr_mtvec_o,0.2786
data_rvalid_i,u_ibex_core.cs_registers_i.csr_mtvec_o,0.2786
data_rvalid_i,u_ibex_core.cs_registers_i.csr_mtvec_o,0.2786
instr_rdata_i[31],u_ibex_core.id_stage_i.controller_i.instr_i,0.2792
instr_rdata_i[23],u_ibex_core.id_stage_i.controller_i.instr_i,0.2796
instr_rdata_i[29],u_ibex_core.id_stage_i.controller_i.instr_i,0.2803
instr_rdata_i[29],u_ibex_core.id_stage_i.controller_i.instr_i,0.2806
data_rvalid_i,crash_dump_o,0.2806
data_rvalid_i,crash_dump_o,0.2806
data_rvalid_i,crash_dump_o,0.2806
data_rvalid_i,crash_dump_o,0.2806
data_rvalid_i,crash_dump_o,0.2806
data_rvalid_i,crash_dump_o,0.2806
data_rvalid_i,crash_dump_o,0.2806
data_rvalid_i,crash_dump_o,0.2806
data_rvalid_i,crash_dump_o,0.2806
data_rvalid_i,crash_dump_o,0.2806
data_rvalid_i,u_ibex_core.cs_registers_i.mie_q,0.2818
data_rvalid_i,crash_dump_o,0.2823
data_rvalid_i,crash_dump_o,0.2823
data_rvalid_i,crash_dump_o,0.2823
data_rvalid_i,crash_dump_o,0.2823
data_rvalid_i,crash_dump_o,0.2823
data_rvalid_i,crash_dump_o,0.2823
data_rvalid_i,crash_dump_o,0.2823
data_rvalid_i,crash_dump_o,0.2823
data_rvalid_i,crash_dump_o,0.2823
data_rvalid_i,crash_dump_o,0.2823
data_rvalid_i,crash_dump_o,0.2825
data_rvalid_i,crash_dump_o,0.2825
data_rvalid_i,crash_dump_o,0.2825
data_rvalid_i,crash_dump_o,0.2825
data_rvalid_i,crash_dump_o,0.2825
data_rvalid_i,crash_dump_o,0.2825
data_rvalid_i,crash_dump_o,0.2825
data_rvalid_i,crash_dump_o,0.2825
data_rvalid_i,crash_dump_o,0.2825
data_rvalid_i,u_ibex_core.cs_registers_i.mie_q,0.2826
data_rvalid_i,u_ibex_core.cs_registers_i.csr_mstatus_mie_o,0.2829
data_err_i,u_ibex_core.id_stage_i.controller_i.instr_compressed_i,0.2838
data_err_i,u_ibex_core.id_stage_i.controller_i.instr_compressed_i,0.2838
data_err_i,u_ibex_core.id_stage_i.controller_i.instr_i,0.2838
data_err_i,u_ibex_core.id_stage_i.controller_i.instr_i,0.2838
data_err_i,u_ibex_core.id_stage_i.controller_i.instr_compressed_i,0.2838
data_err_i,u_ibex_core.id_stage_i.controller_i.instr_compressed_i,0.2838
data_err_i,u_ibex_core.id_stage_i.controller_i.instr_compressed_i,0.2838
data_err_i,u_ibex_core.id_stage_i.controller_i.instr_i,0.2838
data_err_i,u_ibex_core.id_stage_i.controller_i.instr_i,0.2838
data_err_i,u_ibex_core.id_stage_i.controller_i.instr_i,0.2838
data_err_i,u_ibex_core.id_stage_i.controller_i.instr_i,0.2838
data_rvalid_i,u_ibex_core.cs_registers_i.dscratch1_q,0.285
data_rvalid_i,u_ibex_core.cs_registers_i.dscratch1_q,0.285
data_rvalid_i,u_ibex_core.cs_registers_i.dscratch0_q,0.285
data_rvalid_i,u_ibex_core.cs_registers_i.dscratch0_q,0.285
data_rvalid_i,u_ibex_core.cs_registers_i.dscratch1_q,0.285
data_rvalid_i,u_ibex_core.cs_registers_i.dscratch1_q,0.285
data_rvalid_i,u_ibex_core.cs_registers_i.dscratch1_q,0.285
data_rvalid_i,u_ibex_core.cs_registers_i.dscratch1_q,0.285
data_rvalid_i,u_ibex_core.cs_registers_i.dscratch0_q,0.285
data_rvalid_i,u_ibex_core.cs_registers_i.dscratch0_q,0.285
data_rvalid_i,u_ibex_core.cs_registers_i.dscratch0_q,0.285
data_rvalid_i,u_ibex_core.cs_registers_i.dscratch0_q,0.285
data_rvalid_i,u_ibex_core.cs_registers_i.dscratch1_q,0.2857
data_rvalid_i,u_ibex_core.cs_registers_i.dscratch1_q,0.2857
data_rvalid_i,u_ibex_core.cs_registers_i.dscratch0_q,0.2857
data_rvalid_i,u_ibex_core.cs_registers_i.dscratch0_q,0.2857
data_rvalid_i,crash_dump_o,0.2869
data_err_i,u_ibex_core.id_stage_i.controller_i.instr_fetch_err_i,0.288
data_err_i,u_ibex_core.id_stage_i.controller_i.instr_i,0.288
data_err_i,u_ibex_core.id_stage_i.controller_i.instr_i,0.288
data_rvalid_i,u_ibex_core.cs_registers_i.mcycle_counter_i.counter,0.2897
data_rvalid_i,u_ibex_core.cs_registers_i.mscratch_q,0.2903
data_rvalid_i,u_ibex_core.cs_registers_i.mscratch_q,0.2903
data_rvalid_i,u_ibex_core.cs_registers_i.mscratch_q,0.2903
data_rvalid_i,u_ibex_core.cs_registers_i.mscratch_q,0.2903
data_rvalid_i,u_ibex_core.cs_registers_i.mscratch_q,0.2903
data_rvalid_i,u_ibex_core.cs_registers_i.mscratch_q,0.2903
data_rvalid_i,u_ibex_core.cs_registers_i.mscratch_q,0.2911
data_rvalid_i,u_ibex_core.cs_registers_i.mscratch_q,0.2911
irq_fast_i[11],u_ibex_core.if_stage_i.gen_prefetch_buffer.prefetch_buffer_i.fetch_addr_q,0.2914
data_rvalid_i,u_ibex_core.cs_registers_i.mcycle_counter_i.counter,0.2916
data_rvalid_i,u_ibex_core.cs_registers_i.mhpmcounter[2],0.2917
data_err_i,u_ibex_core.id_stage_i.controller_i.id_wb_pending,0.2922
data_err_i,u_ibex_core.id_stage_i.controller_i.instr_i,0.2928
data_rvalid_i,crash_dump_o,0.293
data_rvalid_i,crash_dump_o,0.293
data_rvalid_i,crash_dump_o,0.293
data_rvalid_i,crash_dump_o,0.293
data_rvalid_i,crash_dump_o,0.293
data_rvalid_i,crash_dump_o,0.293
data_rvalid_i,crash_dump_o,0.293
data_rvalid_i,crash_dump_o,0.293
data_rvalid_i,crash_dump_o,0.293
data_rvalid_i,crash_dump_o,0.293
data_rvalid_i,u_ibex_core.cs_registers_i.mscratch_q,0.2949
data_rvalid_i,u_ibex_core.cs_registers_i.mscratch_q,0.2949
data_rvalid_i,u_ibex_core.cs_registers_i.csr_depc_o,0.2955
data_rvalid_i,u_ibex_core.cs_registers_i.csr_depc_o,0.2955
data_rvalid_i,u_ibex_core.cs_registers_i.csr_depc_o,0.2955
data_rvalid_i,u_ibex_core.cs_registers_i.csr_depc_o,0.2955
data_rvalid_i,u_ibex_core.cs_registers_i.csr_depc_o,0.2955
data_rvalid_i,u_ibex_core.cs_registers_i.csr_depc_o,0.2955
data_rvalid_i,u_ibex_core.cs_registers_i.csr_depc_o,0.2955
data_rvalid_i,u_ibex_core.cs_registers_i.csr_depc_o,0.2955
data_rvalid_i,u_ibex_core.cs_registers_i.csr_depc_o,0.2955
data_rvalid_i,u_ibex_core.cs_registers_i.csr_depc_o,0.2955
data_rvalid_i,u_ibex_core.cs_registers_i.csr_depc_o,0.2955
data_rvalid_i,u_ibex_core.cs_registers_i.csr_depc_o,0.2955
data_rvalid_i,u_ibex_core.cs_registers_i.csr_depc_o,0.2955
data_rvalid_i,u_ibex_core.cs_registers_i.csr_depc_o,0.2955
data_rvalid_i,u_ibex_core.cs_registers_i.csr_depc_o,0.2955
data_rvalid_i,u_ibex_core.cs_registers_i.csr_depc_o,0.2955
data_rvalid_i,u_ibex_core.cs_registers_i.csr_depc_o,0.2955
data_rvalid_i,u_ibex_core.cs_registers_i.csr_depc_o,0.2955
data_rvalid_i,u_ibex_core.cs_registers_i.csr_depc_o,0.2955
data_rvalid_i,u_ibex_core.cs_registers_i.csr_depc_o,0.2955
data_rvalid_i,u_ibex_core.cs_registers_i.csr_depc_o,0.2955
data_rvalid_i,u_ibex_core.cs_registers_i.csr_depc_o,0.2955
data_rvalid_i,u_ibex_core.cs_registers_i.csr_depc_o,0.2955
data_rvalid_i,u_ibex_core.cs_registers_i.csr_depc_o,0.2955
data_rvalid_i,u_ibex_core.cs_registers_i.csr_depc_o,0.2955
data_rvalid_i,u_ibex_core.cs_registers_i.csr_depc_o,0.2955
data_rvalid_i,u_ibex_core.cs_registers_i.csr_depc_o,0.2955
data_rvalid_i,u_ibex_core.cs_registers_i.csr_depc_o,0.2955
data_rvalid_i,u_ibex_core.cs_registers_i.csr_depc_o,0.2955
data_rvalid_i,u_ibex_core.cs_registers_i.csr_depc_o,0.2955
data_rvalid_i,crash_dump_o,0.2961
data_rvalid_i,crash_dump_o,0.2961
data_rvalid_i,crash_dump_o,0.2961
data_rvalid_i,crash_dump_o,0.2961
data_rvalid_i,u_ibex_core.cs_registers_i.mstack_d,0.3031
data_rvalid_i,u_ibex_core.cs_registers_i.mstack_d,0.3031
data_rvalid_i,u_ibex_core.cs_registers_i.debug_single_step_o,0.3034
data_rvalid_i,u_ibex_core.cs_registers_i.debug_ebreaku_o,0.3034
data_rvalid_i,u_ibex_core.cs_registers_i.dcsr_q,0.3034
data_rvalid_i,u_ibex_core.cs_registers_i.debug_ebreakm_o,0.3034
data_rvalid_i,u_ibex_core.cs_registers_i.mstatus_q,0.3036
data_rvalid_i,u_ibex_core.cs_registers_i.cpuctrlsts_part_q,0.304
data_rvalid_i,crash_dump_o,0.3049
data_rvalid_i,crash_dump_o,0.3049
data_rvalid_i,crash_dump_o,0.3049
data_rvalid_i,crash_dump_o,0.3049
data_rvalid_i,crash_dump_o,0.3049
data_rvalid_i,crash_dump_o,0.3049
data_rvalid_i,crash_dump_o,0.3054
data_rvalid_i,crash_dump_o,0.3054
data_rvalid_i,crash_dump_o,0.3054
data_rvalid_i,crash_dump_o,0.3054
data_rvalid_i,crash_dump_o,0.3062
data_rvalid_i,crash_dump_o,0.3062
data_rvalid_i,crash_dump_o,0.3069
data_rvalid_i,crash_dump_o,0.3069
data_rvalid_i,crash_dump_o,0.307
data_rvalid_i,crash_dump_o,0.307
data_rvalid_i,crash_dump_o,0.307
data_rvalid_i,crash_dump_o,0.307
data_rvalid_i,crash_dump_o,0.307
data_rvalid_i,crash_dump_o,0.307
data_rvalid_i,crash_dump_o,0.307
data_rvalid_i,crash_dump_o,0.307
data_rvalid_i,u_ibex_core.cs_registers_i.dscratch1_q,0.3082
data_rvalid_i,u_ibex_core.cs_registers_i.dscratch0_q,0.3082
data_rvalid_i,crash_dump_o,0.3089
data_rvalid_i,crash_dump_o,0.311
data_rvalid_i,crash_dump_o,0.311
data_rvalid_i,crash_dump_o,0.311
data_rvalid_i,crash_dump_o,0.311
data_rvalid_i,u_ibex_core.cs_registers_i.mie_q,0.3112
data_rvalid_i,u_ibex_core.cs_registers_i.mie_q,0.3113
data_rvalid_i,u_ibex_core.cs_registers_i.mie_q,0.3113
data_rvalid_i,u_ibex_core.cs_registers_i.dscratch1_q,0.3147
data_rvalid_i,u_ibex_core.cs_registers_i.dscratch1_q,0.3147
data_rvalid_i,u_ibex_core.cs_registers_i.dscratch0_q,0.3147
data_rvalid_i,u_ibex_core.cs_registers_i.dscratch0_q,0.3147
data_rvalid_i,u_ibex_core.cs_registers_i.mstack_d,0.3151
data_rvalid_i,u_ibex_core.cs_registers_i.mscratch_q,0.3161
data_rvalid_i,u_ibex_core.id_stage_i.controller_i.ctrl_fsm_cs,0.3171
data_err_i,u_ibex_core.if_stage_i.gen_prefetch_buffer.prefetch_buffer_i.fifo_i.valid_q,0.3175
data_rvalid_i,u_ibex_core.id_stage_i.controller_i.ctrl_fsm_cs,0.318
data_rvalid_i,crash_dump_o,0.3186
data_rvalid_i,crash_dump_o,0.3186
data_rvalid_i,crash_dump_o,0.3186
data_rvalid_i,u_ibex_core.cs_registers_i.mcause_q,0.3191
data_rvalid_i,u_ibex_core.cs_registers_i.mcause_q,0.3191
data_rvalid_i,u_ibex_core.cs_registers_i.mcause_q,0.3191
data_rvalid_i,u_ibex_core.cs_registers_i.mcause_q,0.3191
data_rvalid_i,u_ibex_core.cs_registers_i.mcause_q,0.3191
irq_fast_i[11],u_ibex_core.if_stage_i.gen_prefetch_buffer.prefetch_buffer_i.fetch_addr_q,0.3221
data_rvalid_i,u_ibex_core.cs_registers_i.mcountinhibit,0.3249
data_rvalid_i,u_ibex_core.cs_registers_i.mcountinhibit,0.3249
data_rvalid_i,u_ibex_core.cs_registers_i.mcause_q,0.325
data_rvalid_i,u_ibex_core.cs_registers_i.mcause_q,0.325
data_rvalid_i,u_ibex_core.if_stage_i.gen_prefetch_buffer.prefetch_buffer_i.fifo_busy,0.3311
data_rvalid_i,u_ibex_core.cs_registers_i.cpuctrlsts_part_q,0.3343
data_rvalid_i,u_ibex_core.cs_registers_i.csr_mtvec_o,0.3349
data_rvalid_i,u_ibex_core.cs_registers_i.csr_mtvec_o,0.3349
data_rvalid_i,u_ibex_core.cs_registers_i.csr_mtvec_o,0.3349
data_rvalid_i,u_ibex_core.cs_registers_i.csr_mtvec_o,0.3349
data_rvalid_i,u_ibex_core.cs_registers_i.csr_mstatus_tw_o,0.3366
data_rvalid_i,u_ibex_core.cs_registers_i.csr_depc_o,0.3515
irq_fast_i[11],u_ibex_core.if_stage_i.gen_prefetch_buffer.prefetch_buffer_i.fetch_addr_q,0.3626
data_rvalid_i,u_ibex_core.id_stage_i.controller_i.ctrl_fsm_cs,0.3673
data_rvalid_i,u_ibex_core.if_stage_i.gen_prefetch_buffer.prefetch_buffer_i.fifo_busy,0.3675
data_rdata_i[15],genblk3.genblk1.gen_regfile_latch.register_file_i.wdata_a_q,0.3742
data_rdata_i[15],genblk3.genblk1.gen_regfile_latch.register_file_i.wdata_a_q,0.3742
data_rdata_i[15],genblk3.genblk1.gen_regfile_latch.register_file_i.wdata_a_q,0.3742
data_rdata_i[15],genblk3.genblk1.gen_regfile_latch.register_file_i.wdata_a_q,0.3742
data_rdata_i[15],genblk3.genblk1.gen_regfile_latch.register_file_i.wdata_a_q,0.3742
data_rdata_i[15],genblk3.genblk1.gen_regfile_latch.register_file_i.wdata_a_q,0.3742
data_rdata_i[15],genblk3.genblk1.gen_regfile_latch.register_file_i.wdata_a_q,0.3742
data_rdata_i[15],genblk3.genblk1.gen_regfile_latch.register_file_i.wdata_a_q,0.3742
data_rdata_i[15],genblk3.genblk1.gen_regfile_latch.register_file_i.wdata_a_q,0.3745
data_rdata_i[15],genblk3.genblk1.gen_regfile_latch.register_file_i.wdata_a_q,0.3745
data_err_i,u_ibex_core.id_stage_i.controller_i.ctrl_fsm_cs,0.3784
irq_fast_i[11],u_ibex_core.if_stage_i.gen_prefetch_buffer.prefetch_buffer_i.fetch_addr_q,0.3875
data_rvalid_i,u_ibex_core.id_stage_i.branch_jump_set_done_q,0.3879
data_err_i,genblk3.genblk1.gen_regfile_latch.register_file_i.wdata_a_q,0.4202
data_err_i,genblk3.genblk1.gen_regfile_latch.register_file_i.wdata_a_q,0.4202
irq_fast_i[11],u_ibex_core.if_stage_i.gen_prefetch_buffer.prefetch_buffer_i.fetch_addr_q,0.428
data_gnt_i,crash_dump_o,0.4459
data_gnt_i,crash_dump_o,0.4459
data_gnt_i,crash_dump_o,0.4459
data_gnt_i,crash_dump_o,0.4459
data_gnt_i,crash_dump_o,0.4459
data_gnt_i,crash_dump_o,0.4459
data_gnt_i,crash_dump_o,0.4459
data_gnt_i,crash_dump_o,0.4459
data_gnt_i,crash_dump_o,0.4459
data_gnt_i,crash_dump_o,0.4459
data_gnt_i,crash_dump_o,0.4459
data_gnt_i,crash_dump_o,0.4459
data_gnt_i,crash_dump_o,0.4459
data_gnt_i,crash_dump_o,0.4459
data_gnt_i,crash_dump_o,0.4459
data_gnt_i,crash_dump_o,0.4459
data_gnt_i,crash_dump_o,0.4459
data_gnt_i,crash_dump_o,0.4459
data_gnt_i,crash_dump_o,0.4459
data_gnt_i,crash_dump_o,0.4459
data_rdata_i[15],genblk3.genblk1.gen_regfile_latch.register_file_i.wdata_a_q,0.4465
data_err_i,genblk3.genblk1.gen_regfile_latch.register_file_i.wdata_a_q,0.4465
data_err_i,genblk3.genblk1.gen_regfile_latch.register_file_i.wdata_a_q,0.4465
data_err_i,genblk3.genblk1.gen_regfile_latch.register_file_i.wdata_a_q,0.4465
data_err_i,genblk3.genblk1.gen_regfile_latch.register_file_i.wdata_a_q,0.4465
data_err_i,genblk3.genblk1.gen_regfile_latch.register_file_i.wdata_a_q,0.4465
data_rdata_i[15],genblk3.genblk1.gen_regfile_latch.register_file_i.wdata_a_q,0.4467
irq_fast_i[11],u_ibex_core.if_stage_i.gen_prefetch_buffer.prefetch_buffer_i.fetch_addr_q,0.453
data_err_i,genblk3.genblk1.gen_regfile_latch.register_file_i.wdata_a_q,0.4535
data_err_i,genblk3.genblk1.gen_regfile_latch.register_file_i.wdata_a_q,0.4535
data_rdata_i[15],genblk3.genblk1.gen_regfile_latch.register_file_i.wdata_a_q,0.4541
data_rdata_i[15],genblk3.genblk1.gen_regfile_latch.register_file_i.wdata_a_q,0.4541
data_err_i,genblk3.genblk1.gen_regfile_latch.register_file_i.wdata_a_q,0.4566
data_err_i,genblk3.genblk1.gen_regfile_latch.register_file_i.wdata_a_q,0.4567
data_err_i,genblk3.genblk1.gen_regfile_latch.register_file_i.wdata_a_q,0.4567
data_err_i,genblk3.genblk1.gen_regfile_latch.register_file_i.wdata_a_q,0.4567
data_err_i,genblk3.genblk1.gen_regfile_latch.register_file_i.wdata_a_q,0.4567
data_err_i,genblk3.genblk1.gen_regfile_latch.register_file_i.wdata_a_q,0.4568
data_err_i,genblk3.genblk1.gen_regfile_latch.register_file_i.wdata_a_q,0.4568
data_err_i,genblk3.genblk1.gen_regfile_latch.register_file_i.wdata_a_q,0.4584
data_gnt_i,crash_dump_o,0.4609
data_gnt_i,crash_dump_o,0.4609
data_gnt_i,crash_dump_o,0.4609
data_gnt_i,crash_dump_o,0.4609
data_gnt_i,crash_dump_o,0.4609
data_gnt_i,crash_dump_o,0.461
data_gnt_i,crash_dump_o,0.461
data_gnt_i,crash_dump_o,0.461
data_err_i,genblk3.genblk1.gen_regfile_latch.register_file_i.wdata_a_q,0.4636
data_gnt_i,crash_dump_o,0.4926
data_gnt_i,crash_dump_o,0.4926
irq_fast_i[11],u_ibex_core.if_stage_i.gen_prefetch_buffer.prefetch_buffer_i.fetch_addr_q,0.4935
instr_rvalid_i,u_ibex_core.if_stage_i.gen_prefetch_buffer.prefetch_buffer_i.fifo_i.err_q,0.4961
instr_rvalid_i,u_ibex_core.if_stage_i.gen_prefetch_buffer.prefetch_buffer_i.fifo_i.rdata_q,0.4961
instr_rvalid_i,u_ibex_core.if_stage_i.gen_prefetch_buffer.prefetch_buffer_i.fifo_i.rdata_q,0.4961
instr_rvalid_i,u_ibex_core.if_stage_i.gen_prefetch_buffer.prefetch_buffer_i.fifo_i.rdata_q,0.4961
instr_rvalid_i,u_ibex_core.if_stage_i.gen_prefetch_buffer.prefetch_buffer_i.fifo_i.rdata_q,0.4961
instr_rvalid_i,u_ibex_core.if_stage_i.gen_prefetch_buffer.prefetch_buffer_i.fifo_i.rdata_q,0.4961
instr_rvalid_i,u_ibex_core.if_stage_i.gen_prefetch_buffer.prefetch_buffer_i.fifo_i.rdata_q,0.4961
instr_rvalid_i,u_ibex_core.if_stage_i.gen_prefetch_buffer.prefetch_buffer_i.fifo_i.rdata_q,0.4961
instr_rvalid_i,u_ibex_core.if_stage_i.gen_prefetch_buffer.prefetch_buffer_i.fifo_i.rdata_q,0.4961
instr_rvalid_i,u_ibex_core.if_stage_i.gen_prefetch_buffer.prefetch_buffer_i.fifo_i.rdata_q,0.4961
instr_rvalid_i,u_ibex_core.if_stage_i.gen_prefetch_buffer.prefetch_buffer_i.fifo_i.rdata_q,0.4961
instr_rvalid_i,u_ibex_core.if_stage_i.gen_prefetch_buffer.prefetch_buffer_i.fifo_i.rdata_q,0.4961
instr_rvalid_i,u_ibex_core.if_stage_i.gen_prefetch_buffer.prefetch_buffer_i.fifo_i.rdata_q,0.4961
instr_rvalid_i,u_ibex_core.if_stage_i.gen_prefetch_buffer.prefetch_buffer_i.fifo_i.rdata_q,0.4961
instr_rvalid_i,u_ibex_core.if_stage_i.gen_prefetch_buffer.prefetch_buffer_i.fifo_i.rdata_q,0.4961
instr_rvalid_i,u_ibex_core.if_stage_i.gen_prefetch_buffer.prefetch_buffer_i.fifo_i.rdata_q,0.4961
instr_rvalid_i,u_ibex_core.if_stage_i.gen_prefetch_buffer.prefetch_buffer_i.fifo_i.rdata_q,0.4961
instr_rvalid_i,u_ibex_core.if_stage_i.gen_prefetch_buffer.prefetch_buffer_i.fifo_i.rdata_q,0.4961
instr_rvalid_i,u_ibex_core.if_stage_i.gen_prefetch_buffer.prefetch_buffer_i.fifo_i.rdata_q,0.4961
instr_rvalid_i,u_ibex_core.if_stage_i.gen_prefetch_buffer.prefetch_buffer_i.fifo_i.rdata_q,0.4961
instr_rvalid_i,u_ibex_core.if_stage_i.gen_prefetch_buffer.prefetch_buffer_i.fifo_i.rdata_q,0.4961
instr_rvalid_i,u_ibex_core.if_stage_i.gen_prefetch_buffer.prefetch_buffer_i.fifo_i.rdata_q,0.4961
instr_rvalid_i,u_ibex_core.if_stage_i.gen_prefetch_buffer.prefetch_buffer_i.fifo_i.rdata_q,0.4961
instr_rvalid_i,u_ibex_core.if_stage_i.gen_prefetch_buffer.prefetch_buffer_i.fifo_i.rdata_q,0.4961
instr_rvalid_i,u_ibex_core.if_stage_i.gen_prefetch_buffer.prefetch_buffer_i.fifo_i.rdata_q,0.4961
instr_rvalid_i,u_ibex_core.if_stage_i.gen_prefetch_buffer.prefetch_buffer_i.fifo_i.rdata_q,0.4961
instr_rvalid_i,u_ibex_core.if_stage_i.gen_prefetch_buffer.prefetch_buffer_i.fifo_i.rdata_q,0.4961
instr_rvalid_i,u_ibex_core.if_stage_i.gen_prefetch_buffer.prefetch_buffer_i.fifo_i.rdata_q,0.4961
instr_rvalid_i,u_ibex_core.if_stage_i.gen_prefetch_buffer.prefetch_buffer_i.fifo_i.rdata_q,0.4961
instr_rvalid_i,u_ibex_core.if_stage_i.gen_prefetch_buffer.prefetch_buffer_i.fifo_i.rdata_q,0.4961
irq_fast_i[11],u_ibex_core.if_stage_i.gen_prefetch_buffer.prefetch_buffer_i.fetch_addr_q,0.5184
data_gnt_i,crash_dump_o,0.5324
data_gnt_i,crash_dump_o,0.5324
instr_rvalid_i,u_ibex_core.if_stage_i.gen_prefetch_buffer.prefetch_buffer_i.fifo_i.rdata_q,0.5519
instr_rvalid_i,u_ibex_core.if_stage_i.gen_prefetch_buffer.prefetch_buffer_i.fifo_i.rdata_q,0.5519
instr_rvalid_i,u_ibex_core.if_stage_i.gen_prefetch_buffer.prefetch_buffer_i.fifo_i.rdata_q,0.5519
data_rvalid_i,u_ibex_core.load_store_unit_i.rdata_q,0.5583
data_rvalid_i,u_ibex_core.load_store_unit_i.rdata_q,0.5583
data_rvalid_i,u_ibex_core.load_store_unit_i.rdata_q,0.5583
data_rvalid_i,u_ibex_core.load_store_unit_i.rdata_q,0.5583
data_rvalid_i,u_ibex_core.load_store_unit_i.rdata_q,0.5583
data_rvalid_i,u_ibex_core.load_store_unit_i.rdata_q,0.5583
data_rvalid_i,u_ibex_core.load_store_unit_i.rdata_q,0.5583
data_rvalid_i,u_ibex_core.load_store_unit_i.rdata_q,0.5583
data_rvalid_i,u_ibex_core.load_store_unit_i.rdata_q,0.5583
data_rvalid_i,u_ibex_core.load_store_unit_i.rdata_q,0.5583
data_rvalid_i,u_ibex_core.load_store_unit_i.rdata_q,0.5583
data_rvalid_i,u_ibex_core.load_store_unit_i.rdata_q,0.5583
data_rvalid_i,u_ibex_core.load_store_unit_i.rdata_q,0.5583
data_rvalid_i,u_ibex_core.load_store_unit_i.rdata_q,0.5583
data_rvalid_i,u_ibex_core.load_store_unit_i.rdata_q,0.5583
data_rvalid_i,u_ibex_core.load_store_unit_i.rdata_q,0.5583
data_rvalid_i,u_ibex_core.load_store_unit_i.rdata_q,0.5583
data_rvalid_i,u_ibex_core.load_store_unit_i.rdata_q,0.5583
data_rvalid_i,u_ibex_core.load_store_unit_i.rdata_q,0.5583
data_rvalid_i,u_ibex_core.load_store_unit_i.rdata_q,0.5583
irq_fast_i[11],u_ibex_core.if_stage_i.gen_prefetch_buffer.prefetch_buffer_i.fetch_addr_q,0.5589
irq_fast_i[11],u_ibex_core.if_stage_i.gen_prefetch_buffer.prefetch_buffer_i.stored_addr_q,0.5605
data_rvalid_i,u_ibex_core.load_store_unit_i.ls_fsm_cs,0.5626
data_rvalid_i,u_ibex_core.load_store_unit_i.ls_fsm_cs,0.5626
data_rvalid_i,u_ibex_core.load_store_unit_i.handle_misaligned_q,0.5721
data_rvalid_i,u_ibex_core.load_store_unit_i.ls_fsm_cs,0.5826
irq_fast_i[11],u_ibex_core.if_stage_i.gen_prefetch_buffer.prefetch_buffer_i.fetch_addr_q,0.5838
instr_gnt_i,u_ibex_core.if_stage_i.gen_prefetch_buffer.prefetch_buffer_i.stored_addr_q,0.5918
instr_gnt_i,u_ibex_core.if_stage_i.gen_prefetch_buffer.prefetch_buffer_i.stored_addr_q,0.5918
instr_gnt_i,u_ibex_core.if_stage_i.gen_prefetch_buffer.prefetch_buffer_i.stored_addr_q,0.5918
instr_gnt_i,u_ibex_core.if_stage_i.gen_prefetch_buffer.prefetch_buffer_i.stored_addr_q,0.5918
instr_gnt_i,u_ibex_core.if_stage_i.gen_prefetch_buffer.prefetch_buffer_i.stored_addr_q,0.5918
instr_gnt_i,u_ibex_core.if_stage_i.gen_prefetch_buffer.prefetch_buffer_i.stored_addr_q,0.5918
instr_gnt_i,u_ibex_core.if_stage_i.gen_prefetch_buffer.prefetch_buffer_i.stored_addr_q,0.5918
instr_gnt_i,u_ibex_core.if_stage_i.gen_prefetch_buffer.prefetch_buffer_i.stored_addr_q,0.5918
instr_gnt_i,u_ibex_core.if_stage_i.gen_prefetch_buffer.prefetch_buffer_i.stored_addr_q,0.5918
instr_gnt_i,u_ibex_core.if_stage_i.gen_prefetch_buffer.prefetch_buffer_i.stored_addr_q,0.5918
instr_gnt_i,u_ibex_core.if_stage_i.gen_prefetch_buffer.prefetch_buffer_i.stored_addr_q,0.5918
instr_gnt_i,u_ibex_core.if_stage_i.gen_prefetch_buffer.prefetch_buffer_i.stored_addr_q,0.5918
instr_gnt_i,u_ibex_core.if_stage_i.gen_prefetch_buffer.prefetch_buffer_i.stored_addr_q,0.5918
instr_gnt_i,u_ibex_core.if_stage_i.gen_prefetch_buffer.prefetch_buffer_i.stored_addr_q,0.5918
instr_gnt_i,u_ibex_core.if_stage_i.gen_prefetch_buffer.prefetch_buffer_i.stored_addr_q,0.5918
instr_gnt_i,u_ibex_core.if_stage_i.gen_prefetch_buffer.prefetch_buffer_i.stored_addr_q,0.5918
instr_gnt_i,u_ibex_core.if_stage_i.gen_prefetch_buffer.prefetch_buffer_i.stored_addr_q,0.5918
instr_gnt_i,u_ibex_core.if_stage_i.gen_prefetch_buffer.prefetch_buffer_i.stored_addr_q,0.5918
instr_gnt_i,u_ibex_core.if_stage_i.gen_prefetch_buffer.prefetch_buffer_i.stored_addr_q,0.5918
data_rvalid_i,u_ibex_core.load_store_unit_i.lsu_err_q,0.6002
instr_gnt_i,u_ibex_core.if_stage_i.gen_prefetch_buffer.prefetch_buffer_i.stored_addr_q,0.6004
instr_gnt_i,u_ibex_core.if_stage_i.gen_prefetch_buffer.prefetch_buffer_i.stored_addr_q,0.6004
instr_gnt_i,u_ibex_core.if_stage_i.gen_prefetch_buffer.prefetch_buffer_i.stored_addr_q,0.6004
instr_gnt_i,u_ibex_core.if_stage_i.gen_prefetch_buffer.prefetch_buffer_i.stored_addr_q,0.6004
instr_gnt_i,u_ibex_core.if_stage_i.gen_prefetch_buffer.prefetch_buffer_i.stored_addr_q,0.6004
instr_gnt_i,u_ibex_core.if_stage_i.gen_prefetch_buffer.prefetch_buffer_i.stored_addr_q,0.6004
instr_gnt_i,u_ibex_core.if_stage_i.gen_prefetch_buffer.prefetch_buffer_i.stored_addr_q,0.6004
instr_gnt_i,u_ibex_core.if_stage_i.gen_prefetch_buffer.prefetch_buffer_i.stored_addr_q,0.6004
instr_gnt_i,u_ibex_core.if_stage_i.gen_prefetch_buffer.prefetch_buffer_i.stored_addr_q,0.6004
instr_gnt_i,u_ibex_core.if_stage_i.gen_prefetch_buffer.prefetch_buffer_i.stored_addr_q,0.6004
data_gnt_i,u_ibex_core.load_store_unit_i.rdata_offset_q,0.6007
data_gnt_i,u_ibex_core.load_store_unit_i.data_type_q,0.6007
data_gnt_i,u_ibex_core.load_store_unit_i.data_we_q,0.6007
data_gnt_i,u_ibex_core.load_store_unit_i.data_sign_ext_q,0.6007
instr_gnt_i,u_ibex_core.if_stage_i.gen_prefetch_buffer.prefetch_buffer_i.branch_discard_q,0.6112
data_rvalid_i,u_ibex_core.load_store_unit_i.rdata_q,0.616
data_rvalid_i,u_ibex_core.load_store_unit_i.rdata_q,0.616
data_rvalid_i,u_ibex_core.load_store_unit_i.rdata_q,0.616
data_rvalid_i,u_ibex_core.load_store_unit_i.rdata_q,0.616
irq_fast_i[11],u_ibex_core.if_stage_i.gen_prefetch_buffer.prefetch_buffer_i.fetch_addr_q,0.6189
instr_gnt_i,u_ibex_core.if_stage_i.gen_prefetch_buffer.prefetch_buffer_i.branch_discard_q,0.6194
data_gnt_i,u_ibex_core.load_store_unit_i.rdata_offset_q,0.625
data_gnt_i,u_ibex_core.load_store_unit_i.data_type_q,0.6254
data_rvalid_i,u_ibex_core.id_stage_i.id_fsm_q,0.6305
irq_fast_i[11],u_ibex_core.if_stage_i.gen_prefetch_buffer.prefetch_buffer_i.fetch_addr_q,0.6497
instr_gnt_i,u_ibex_core.if_stage_i.gen_prefetch_buffer.prefetch_buffer_i.rdata_outstanding_q,0.6573
irq_fast_i[11],u_ibex_core.if_stage_i.gen_prefetch_buffer.prefetch_buffer_i.fetch_addr_q,0.6583
instr_gnt_i,u_ibex_core.if_stage_i.gen_prefetch_buffer.prefetch_buffer_i.rdata_outstanding_q,0.6731
data_rvalid_i,u_ibex_core.id_stage_i.controller_i.load_err_q,0.6738
data_rvalid_i,u_ibex_core.id_stage_i.controller_i.store_err_q,0.6738
irq_fast_i[11],u_ibex_core.if_stage_i.gen_prefetch_buffer.prefetch_buffer_i.fetch_addr_q,0.692
irq_fast_i[11],u_ibex_core.if_stage_i.gen_prefetch_buffer.prefetch_buffer_i.fetch_addr_q,0.6973
irq_fast_i[11],u_ibex_core.if_stage_i.gen_prefetch_buffer.prefetch_buffer_i.fetch_addr_q,0.737
irq_fast_i[11],u_ibex_core.if_stage_i.gen_prefetch_buffer.prefetch_buffer_i.fetch_addr_q,0.7417
instr_gnt_i,u_ibex_core.if_stage_i.gen_prefetch_buffer.prefetch_buffer_i.valid_req_q,0.7432
irq_fast_i[11],core_busy_q,0.7563
irq_fast_i[11],u_ibex_core.if_stage_i.gen_prefetch_buffer.prefetch_buffer_i.fetch_addr_q,0.7726
irq_fast_i[11],u_ibex_core.cs_registers_i.priv_lvl_q,0.7793
irq_fast_i[11],u_ibex_core.if_stage_i.gen_prefetch_buffer.prefetch_buffer_i.fetch_addr_q,0.7802
irq_fast_i[11],u_ibex_core.if_stage_i.gen_prefetch_buffer.prefetch_buffer_i.discard_req_q,0.7969
irq_fast_i[11],u_ibex_core.cs_registers_i.mstack_epc_q,0.8167
irq_fast_i[11],u_ibex_core.cs_registers_i.mstack_epc_q,0.8167
irq_fast_i[11],u_ibex_core.cs_registers_i.mstack_epc_q,0.8167
irq_fast_i[11],u_ibex_core.cs_registers_i.mstack_epc_q,0.8167
irq_fast_i[11],u_ibex_core.cs_registers_i.mstack_epc_q,0.8167
irq_fast_i[11],u_ibex_core.cs_registers_i.mstack_epc_q,0.8167
irq_fast_i[11],u_ibex_core.cs_registers_i.mstack_epc_q,0.8167
irq_fast_i[11],u_ibex_core.cs_registers_i.mstack_epc_q,0.8167
irq_fast_i[11],u_ibex_core.cs_registers_i.mstack_epc_q,0.8167
irq_fast_i[11],u_ibex_core.cs_registers_i.mstack_epc_q,0.8167
irq_fast_i[11],u_ibex_core.cs_registers_i.mstack_epc_q,0.8167
irq_fast_i[11],u_ibex_core.cs_registers_i.mstack_epc_q,0.8167
irq_fast_i[11],u_ibex_core.cs_registers_i.mstack_epc_q,0.8167
irq_fast_i[11],u_ibex_core.cs_registers_i.mstack_epc_q,0.8167
irq_fast_i[11],u_ibex_core.cs_registers_i.mstack_epc_q,0.8167
irq_fast_i[11],u_ibex_core.cs_registers_i.mstack_epc_q,0.8167
irq_fast_i[11],u_ibex_core.cs_registers_i.mstack_epc_q,0.8167
irq_fast_i[11],u_ibex_core.cs_registers_i.mstack_epc_q,0.8167
irq_fast_i[11],u_ibex_core.cs_registers_i.mstack_epc_q,0.8167
irq_fast_i[11],u_ibex_core.cs_registers_i.mstack_epc_q,0.8167
irq_fast_i[11],u_ibex_core.cs_registers_i.mstack_epc_q,0.8167
irq_fast_i[11],u_ibex_core.cs_registers_i.mstack_epc_q,0.8167
irq_fast_i[11],u_ibex_core.cs_registers_i.mstack_epc_q,0.8167
irq_fast_i[11],u_ibex_core.cs_registers_i.mstack_cause_q,0.8167
irq_fast_i[11],u_ibex_core.cs_registers_i.mstack_cause_q,0.8167
irq_fast_i[11],u_ibex_core.cs_registers_i.mstack_cause_q,0.8167
irq_fast_i[11],u_ibex_core.cs_registers_i.mstack_cause_q,0.8167
irq_fast_i[11],u_ibex_core.cs_registers_i.mstack_cause_q,0.8167
irq_fast_i[11],u_ibex_core.cs_registers_i.mstack_cause_q,0.8167
irq_fast_i[11],u_ibex_core.cs_registers_i.mstack_cause_q,0.8167
irq_fast_i[11],u_ibex_core.cs_registers_i.mstack_epc_q,0.8173
irq_fast_i[11],u_ibex_core.cs_registers_i.mstack_epc_q,0.8173
irq_fast_i[11],u_ibex_core.cs_registers_i.mstack_epc_q,0.8173
irq_fast_i[11],u_ibex_core.cs_registers_i.mstack_epc_q,0.8173
irq_fast_i[11],u_ibex_core.cs_registers_i.mstack_epc_q,0.8173
irq_fast_i[11],u_ibex_core.cs_registers_i.mstack_epc_q,0.8173
irq_fast_i[11],u_ibex_core.cs_registers_i.mstack_epc_q,0.8173
irq_fast_i[11],u_ibex_core.cs_registers_i.mstack_epc_q,0.8173
irq_fast_i[11],u_ibex_core.cs_registers_i.mstack_epc_q,0.8173
irq_fast_i[11],u_ibex_core.cs_registers_i.mstack_q,0.8209
irq_fast_i[11],u_ibex_core.cs_registers_i.mstack_q,0.8209
irq_fast_i[11],u_ibex_core.cs_registers_i.mstack_q,0.8213
irq_fast_i[11],u_ibex_core.cs_registers_i.priv_lvl_q,0.8767
irq_fast_i[11],u_ibex_core.cs_registers_i.nmi_mode_i,1.1074
debug_req_i,u_ibex_core.id_stage_i.controller_i.enter_debug_mode_prio_q,1.4887
debug_req_i,u_ibex_core.cs_registers_i.debug_cause_i,1.5071
debug_req_i,u_ibex_core.cs_registers_i.debug_cause_i,1.5133
debug_req_i,u_ibex_core.cs_registers_i.debug_cause_i,1.5275
