Start Point, End Point, WNS (ns)
u_ibex_core.id_stage_i.controller_i.instr_i,instr_addr_o[31],-1.017
u_ibex_core.id_stage_i.controller_i.instr_i,instr_addr_o[30],-1.0115
u_ibex_core.id_stage_i.controller_i.instr_i,instr_addr_o[28],-0.9851
u_ibex_core.id_stage_i.controller_i.instr_i,instr_addr_o[26],-0.9564
u_ibex_core.id_stage_i.controller_i.instr_i,instr_addr_o[29],-0.9523
u_ibex_core.id_stage_i.controller_i.instr_i,data_addr_o[31],-0.9021
u_ibex_core.id_stage_i.controller_i.instr_i,instr_addr_o[24],-0.8978
u_ibex_core.id_stage_i.controller_i.instr_i,instr_addr_o[27],-0.8895
u_ibex_core.id_stage_i.controller_i.instr_i,data_addr_o[29],-0.8305
u_ibex_core.id_stage_i.controller_i.instr_i,instr_addr_o[25],-0.8274
u_ibex_core.id_stage_i.controller_i.instr_i,data_addr_o[30],-0.8271
u_ibex_core.id_stage_i.controller_i.instr_i,instr_addr_o[22],-0.8115
u_ibex_core.id_stage_i.controller_i.instr_i,data_addr_o[28],-0.8111
u_ibex_core.id_stage_i.controller_i.instr_i,instr_addr_o[20],-0.8063
u_ibex_core.id_stage_i.controller_i.instr_i,instr_addr_o[23],-0.782
u_ibex_core.id_stage_i.controller_i.instr_i,data_addr_o[26],-0.7786
u_ibex_core.id_stage_i.controller_i.instr_i,data_addr_o[27],-0.7652
u_ibex_core.id_stage_i.controller_i.instr_i,instr_addr_o[19],-0.7427
u_ibex_core.id_stage_i.controller_i.instr_i,data_addr_o[24],-0.72
u_ibex_core.id_stage_i.controller_i.instr_i,instr_addr_o[21],-0.7134
u_ibex_core.id_stage_i.controller_i.instr_i,data_addr_o[25],-0.7029
u_ibex_core.id_stage_i.controller_i.instr_i,instr_addr_o[17],-0.6642
u_ibex_core.id_stage_i.controller_i.instr_i,data_addr_o[23],-0.6542
u_ibex_core.id_stage_i.controller_i.instr_i,data_addr_o[22],-0.6373
u_ibex_core.id_stage_i.controller_i.instr_i,instr_addr_o[15],-0.6165
u_ibex_core.id_stage_i.controller_i.instr_i,instr_addr_o[18],-0.6151
u_ibex_core.id_stage_i.controller_i.instr_i,data_addr_o[20],-0.6039
u_ibex_core.id_stage_i.controller_i.instr_i,data_addr_o[21],-0.5891
u_ibex_core.id_stage_i.controller_i.instr_i,instr_addr_o[13],-0.5692
u_ibex_core.id_stage_i.controller_i.instr_i,data_addr_o[19],-0.5651
u_ibex_core.id_stage_i.controller_i.instr_i,instr_addr_o[16],-0.5634
u_ibex_core.id_stage_i.controller_i.instr_i,instr_addr_o[11],-0.5028
u_ibex_core.id_stage_i.controller_i.instr_i,instr_addr_o[14],-0.4977
u_ibex_core.id_stage_i.controller_i.instr_i,data_addr_o[18],-0.4936
u_ibex_core.id_stage_i.controller_i.instr_i,data_addr_o[17],-0.4824
u_ibex_core.id_stage_i.controller_i.instr_i,instr_addr_o[9],-0.4556
u_ibex_core.id_stage_i.controller_i.instr_i,instr_addr_o[12],-0.4468
u_ibex_core.id_stage_i.controller_i.instr_i,data_addr_o[15],-0.4394
u_ibex_core.id_stage_i.controller_i.instr_i,data_addr_o[16],-0.435
u_ibex_core.id_stage_i.controller_i.instr_i,instr_addr_o[10],-0.3941
u_ibex_core.id_stage_i.controller_i.instr_i,data_addr_o[13],-0.3856
u_ibex_core.id_stage_i.controller_i.instr_i,instr_addr_o[7],-0.3852
u_ibex_core.id_stage_i.controller_i.instr_i,data_addr_o[14],-0.3762
u_ibex_core.id_stage_i.controller_i.instr_i,instr_addr_o[6],-0.3612
u_ibex_core.id_stage_i.controller_i.instr_i,instr_addr_o[8],-0.3301
u_ibex_core.id_stage_i.controller_i.instr_i,data_addr_o[11],-0.3205
u_ibex_core.id_stage_i.controller_i.instr_i,data_addr_o[12],-0.3184
u_ibex_core.id_stage_i.controller_i.instr_i,instr_addr_o[5],-0.3137
u_ibex_core.id_stage_i.controller_i.instr_i,data_addr_o[9],-0.2636
u_ibex_core.id_stage_i.controller_i.instr_i,data_be_o[1],-0.2624
u_ibex_core.id_stage_i.controller_i.instr_i,data_addr_o[10],-0.2623
u_ibex_core.id_stage_i.controller_i.instr_i,instr_addr_o[4],-0.257
u_ibex_core.id_stage_i.controller_i.instr_i,data_wdata_o[23],-0.2432
u_ibex_core.id_stage_i.controller_i.instr_i,data_wdata_o[24],-0.2432
u_ibex_core.id_stage_i.controller_i.instr_i,data_wdata_o[25],-0.2432
u_ibex_core.id_stage_i.controller_i.instr_i,data_wdata_o[26],-0.2432
u_ibex_core.id_stage_i.controller_i.instr_i,data_wdata_o[27],-0.2432
u_ibex_core.id_stage_i.controller_i.instr_i,data_wdata_o[28],-0.2432
u_ibex_core.id_stage_i.controller_i.instr_i,data_wdata_o[29],-0.2432
u_ibex_core.id_stage_i.controller_i.instr_i,data_wdata_o[30],-0.2432
u_ibex_core.id_stage_i.controller_i.instr_i,data_wdata_o[31],-0.2432
u_ibex_core.id_stage_i.controller_i.instr_i,data_wdata_o[10],-0.2431
u_ibex_core.id_stage_i.controller_i.instr_i,data_wdata_o[11],-0.2431
u_ibex_core.id_stage_i.controller_i.instr_i,data_wdata_o[12],-0.2431
u_ibex_core.id_stage_i.controller_i.instr_i,data_wdata_o[13],-0.2431
u_ibex_core.id_stage_i.controller_i.instr_i,data_wdata_o[14],-0.2431
u_ibex_core.id_stage_i.controller_i.instr_i,data_wdata_o[15],-0.2431
u_ibex_core.id_stage_i.controller_i.instr_i,data_wdata_o[16],-0.2431
u_ibex_core.id_stage_i.controller_i.instr_i,data_wdata_o[17],-0.2431
u_ibex_core.id_stage_i.controller_i.instr_i,data_wdata_o[18],-0.2431
u_ibex_core.id_stage_i.controller_i.instr_i,data_wdata_o[19],-0.2431
u_ibex_core.id_stage_i.controller_i.instr_i,data_wdata_o[20],-0.2431
u_ibex_core.id_stage_i.controller_i.instr_i,data_wdata_o[21],-0.2431
u_ibex_core.id_stage_i.controller_i.instr_i,data_wdata_o[22],-0.2431
u_ibex_core.id_stage_i.controller_i.instr_i,data_wdata_o[3],-0.2431
u_ibex_core.id_stage_i.controller_i.instr_i,data_wdata_o[4],-0.2431
u_ibex_core.id_stage_i.controller_i.instr_i,data_wdata_o[5],-0.2431
u_ibex_core.id_stage_i.controller_i.instr_i,data_wdata_o[6],-0.2431
u_ibex_core.id_stage_i.controller_i.instr_i,data_wdata_o[7],-0.2431
u_ibex_core.id_stage_i.controller_i.instr_i,data_wdata_o[8],-0.2431
u_ibex_core.id_stage_i.controller_i.instr_i,data_wdata_o[9],-0.2431
u_ibex_core.id_stage_i.controller_i.instr_i,data_be_o[2],-0.2278
u_ibex_core.id_stage_i.controller_i.instr_i,data_addr_o[7],-0.2143
u_ibex_core.id_stage_i.controller_i.instr_i,data_wdata_o[2],-0.2137
u_ibex_core.id_stage_i.controller_i.instr_i,data_wdata_o[0],-0.2137
u_ibex_core.id_stage_i.controller_i.instr_i,data_wdata_o[1],-0.2137
genblk3.genblk1.gen_regfile_latch.register_file_i.raddr_a_i,instr_addr_o[3],-0.2029
u_ibex_core.id_stage_i.controller_i.instr_i,data_addr_o[8],-0.2017
u_ibex_core.id_stage_i.controller_i.instr_i,data_be_o[3],-0.1901
u_ibex_core.id_stage_i.controller_i.instr_i,data_be_o[0],-0.1879
genblk3.genblk1.gen_regfile_latch.register_file_i.raddr_a_i,instr_req_o,-0.1788
genblk3.genblk1.gen_regfile_latch.register_file_i.raddr_a_i,instr_addr_o[2],-0.1758
u_ibex_core.id_stage_i.controller_i.instr_i,data_addr_o[6],-0.1668
u_ibex_core.id_stage_i.controller_i.instr_i,data_addr_o[5],-0.1628
u_ibex_core.id_stage_i.controller_i.instr_i,data_addr_o[4],-0.1007
u_ibex_core.id_stage_i.controller_i.instr_i,data_addr_o[3],-0.0781
u_ibex_core.id_stage_i.controller_i.instr_i,data_addr_o[2],-0.0094
genblk3.genblk1.gen_regfile_latch.register_file_i.raddr_a_i,data_req_o,0.0026
genblk3.genblk1.gen_regfile_latch.register_file_i.raddr_a_i,data_we_o,0.1249
u_ibex_core.cs_registers_i.mie_q,core_sleep_o,0.631
