Start Point, End Point, WNS (ns)
irq_fast_i[11],instr_addr_o[30],1.5602
irq_fast_i[11],instr_addr_o[29],1.5925
irq_fast_i[11],instr_addr_o[28],1.601
irq_fast_i[11],instr_addr_o[26],1.6011
irq_fast_i[11],instr_addr_o[24],1.6011
irq_fast_i[11],instr_addr_o[31],1.6049
irq_fast_i[11],instr_addr_o[27],1.6055
irq_fast_i[11],instr_addr_o[22],1.6175
irq_fast_i[11],instr_addr_o[20],1.6509
irq_fast_i[11],instr_addr_o[18],1.651
irq_fast_i[11],instr_addr_o[14],1.6511
irq_fast_i[11],instr_addr_o[13],1.6573
irq_fast_i[11],instr_addr_o[19],1.6606
irq_fast_i[11],instr_addr_o[21],1.6606
irq_fast_i[11],instr_addr_o[25],1.6606
irq_fast_i[11],instr_addr_o[23],1.6626
irq_fast_i[11],instr_addr_o[17],1.6715
irq_fast_i[11],instr_addr_o[16],1.6996
irq_fast_i[11],instr_addr_o[11],1.7004
irq_fast_i[11],instr_addr_o[9],1.7005
irq_fast_i[11],instr_addr_o[6],1.7007
irq_fast_i[11],instr_addr_o[8],1.7171
irq_fast_i[11],instr_addr_o[15],1.7249
irq_fast_i[11],instr_addr_o[12],1.7267
irq_fast_i[11],instr_addr_o[10],1.7271
irq_fast_i[11],instr_addr_o[7],1.7302
irq_fast_i[11],instr_addr_o[3],1.7381
irq_fast_i[11],instr_req_o,1.7414
irq_fast_i[11],instr_addr_o[4],1.7484
irq_fast_i[11],instr_addr_o[2],1.7513
irq_fast_i[11],instr_addr_o[5],1.7529
irq_fast_i[11],core_sleep_o,2.367
