Start Point, End Point, WNS (ns)
instr_err_i,crash_dump_o,1.6588
instr_err_i,crash_dump_o,1.6669
instr_err_i,crash_dump_o,1.6796
instr_err_i,crash_dump_o,1.7229
instr_err_i,crash_dump_o,1.7274
instr_err_i,crash_dump_o,1.7816
instr_err_i,crash_dump_o,1.7873
instr_err_i,crash_dump_o,1.8503
instr_err_i,crash_dump_o,1.8799
instr_err_i,crash_dump_o,1.9342
instr_err_i,crash_dump_o,1.9384
instr_err_i,crash_dump_o,1.9875
instr_err_i,crash_dump_o,1.9932
irq_fast_i[11],u_ibex_core.if_stage_i.gen_prefetch_buffer.prefetch_buffer_i.fetch_addr_q,2.0177
irq_fast_i[11],u_ibex_core.if_stage_i.gen_prefetch_buffer.prefetch_buffer_i.fetch_addr_q,2.0525
instr_err_i,crash_dump_o,2.0563
irq_fast_i[11],u_ibex_core.if_stage_i.gen_prefetch_buffer.prefetch_buffer_i.fetch_addr_q,2.0775
instr_rdata_i[28],genblk3.genblk1.gen_regfile_latch.register_file_i.raddr_a_i,2.0887
instr_err_i,crash_dump_o,2.0946
instr_rdata_i[28],genblk3.genblk1.gen_regfile_latch.register_file_i.raddr_b_i,2.0964
irq_fast_i[11],u_ibex_core.if_stage_i.gen_prefetch_buffer.prefetch_buffer_i.fetch_addr_q,2.118
instr_err_i,crash_dump_o,2.1401
irq_fast_i[11],u_ibex_core.if_stage_i.gen_prefetch_buffer.prefetch_buffer_i.fetch_addr_q,2.1429
instr_err_i,crash_dump_o,2.1444
irq_fast_i[11],u_ibex_core.if_stage_i.gen_prefetch_buffer.prefetch_buffer_i.fetch_addr_q,2.1834
data_err_i,u_ibex_core.if_stage_i.gen_prefetch_buffer.prefetch_buffer_i.fifo_i.err_q,2.1871
data_err_i,u_ibex_core.if_stage_i.gen_prefetch_buffer.prefetch_buffer_i.fifo_i.rdata_q,2.1871
data_err_i,u_ibex_core.if_stage_i.gen_prefetch_buffer.prefetch_buffer_i.fifo_i.rdata_q,2.1871
data_err_i,u_ibex_core.if_stage_i.gen_prefetch_buffer.prefetch_buffer_i.fifo_i.rdata_q,2.1871
data_err_i,u_ibex_core.if_stage_i.gen_prefetch_buffer.prefetch_buffer_i.fifo_i.rdata_q,2.1871
data_err_i,u_ibex_core.if_stage_i.gen_prefetch_buffer.prefetch_buffer_i.fifo_i.rdata_q,2.1871
data_err_i,u_ibex_core.if_stage_i.gen_prefetch_buffer.prefetch_buffer_i.fifo_i.rdata_q,2.1871
data_err_i,u_ibex_core.if_stage_i.gen_prefetch_buffer.prefetch_buffer_i.fifo_i.rdata_q,2.1871
data_err_i,u_ibex_core.if_stage_i.gen_prefetch_buffer.prefetch_buffer_i.fifo_i.rdata_q,2.1871
data_err_i,u_ibex_core.if_stage_i.gen_prefetch_buffer.prefetch_buffer_i.fifo_i.rdata_q,2.1871
data_err_i,u_ibex_core.if_stage_i.gen_prefetch_buffer.prefetch_buffer_i.fifo_i.rdata_q,2.1871
data_err_i,u_ibex_core.if_stage_i.gen_prefetch_buffer.prefetch_buffer_i.fifo_i.rdata_q,2.1871
data_err_i,u_ibex_core.if_stage_i.gen_prefetch_buffer.prefetch_buffer_i.fifo_i.rdata_q,2.1871
data_err_i,u_ibex_core.if_stage_i.gen_prefetch_buffer.prefetch_buffer_i.fifo_i.rdata_q,2.1871
data_err_i,u_ibex_core.if_stage_i.gen_prefetch_buffer.prefetch_buffer_i.fifo_i.rdata_q,2.1871
data_err_i,u_ibex_core.if_stage_i.gen_prefetch_buffer.prefetch_buffer_i.fifo_i.rdata_q,2.1871
data_err_i,u_ibex_core.if_stage_i.gen_prefetch_buffer.prefetch_buffer_i.fifo_i.rdata_q,2.1871
data_err_i,u_ibex_core.if_stage_i.gen_prefetch_buffer.prefetch_buffer_i.fifo_i.rdata_q,2.1871
data_err_i,u_ibex_core.if_stage_i.gen_prefetch_buffer.prefetch_buffer_i.fifo_i.rdata_q,2.1871
data_err_i,u_ibex_core.if_stage_i.gen_prefetch_buffer.prefetch_buffer_i.fifo_i.rdata_q,2.1871
data_err_i,u_ibex_core.if_stage_i.gen_prefetch_buffer.prefetch_buffer_i.fifo_i.rdata_q,2.1871
data_err_i,u_ibex_core.if_stage_i.gen_prefetch_buffer.prefetch_buffer_i.fifo_i.rdata_q,2.1871
data_err_i,u_ibex_core.if_stage_i.gen_prefetch_buffer.prefetch_buffer_i.fifo_i.rdata_q,2.1871
data_err_i,u_ibex_core.if_stage_i.gen_prefetch_buffer.prefetch_buffer_i.fifo_i.rdata_q,2.1871
data_err_i,u_ibex_core.if_stage_i.gen_prefetch_buffer.prefetch_buffer_i.fifo_i.rdata_q,2.1871
data_err_i,u_ibex_core.if_stage_i.gen_prefetch_buffer.prefetch_buffer_i.fifo_i.rdata_q,2.1871
data_err_i,u_ibex_core.if_stage_i.gen_prefetch_buffer.prefetch_buffer_i.fifo_i.rdata_q,2.1871
data_err_i,u_ibex_core.if_stage_i.gen_prefetch_buffer.prefetch_buffer_i.fifo_i.rdata_q,2.1871
data_err_i,u_ibex_core.if_stage_i.gen_prefetch_buffer.prefetch_buffer_i.fifo_i.rdata_q,2.1871
data_err_i,u_ibex_core.if_stage_i.gen_prefetch_buffer.prefetch_buffer_i.fifo_i.rdata_q,2.1871
data_err_i,u_ibex_core.if_stage_i.gen_prefetch_buffer.prefetch_buffer_i.fifo_i.err_q,2.1871
data_err_i,u_ibex_core.if_stage_i.gen_prefetch_buffer.prefetch_buffer_i.fifo_i.rdata_q,2.1871
data_err_i,u_ibex_core.if_stage_i.gen_prefetch_buffer.prefetch_buffer_i.fifo_i.rdata_q,2.1871
data_err_i,u_ibex_core.if_stage_i.gen_prefetch_buffer.prefetch_buffer_i.fifo_i.rdata_q,2.1871
data_err_i,u_ibex_core.if_stage_i.gen_prefetch_buffer.prefetch_buffer_i.fifo_i.rdata_q,2.1871
data_err_i,u_ibex_core.if_stage_i.gen_prefetch_buffer.prefetch_buffer_i.fifo_i.rdata_q,2.1871
data_err_i,u_ibex_core.if_stage_i.gen_prefetch_buffer.prefetch_buffer_i.fifo_i.rdata_q,2.1871
data_err_i,u_ibex_core.if_stage_i.gen_prefetch_buffer.prefetch_buffer_i.fifo_i.rdata_q,2.1871
data_err_i,u_ibex_core.if_stage_i.gen_prefetch_buffer.prefetch_buffer_i.fifo_i.rdata_q,2.1871
data_err_i,u_ibex_core.if_stage_i.gen_prefetch_buffer.prefetch_buffer_i.fifo_i.rdata_q,2.1871
data_err_i,u_ibex_core.if_stage_i.gen_prefetch_buffer.prefetch_buffer_i.fifo_i.rdata_q,2.1871
data_err_i,u_ibex_core.if_stage_i.gen_prefetch_buffer.prefetch_buffer_i.fifo_i.rdata_q,2.1871
data_err_i,u_ibex_core.if_stage_i.gen_prefetch_buffer.prefetch_buffer_i.fifo_i.rdata_q,2.1871
data_err_i,u_ibex_core.if_stage_i.gen_prefetch_buffer.prefetch_buffer_i.fifo_i.rdata_q,2.1871
data_err_i,u_ibex_core.if_stage_i.gen_prefetch_buffer.prefetch_buffer_i.fifo_i.rdata_q,2.1871
data_err_i,u_ibex_core.if_stage_i.gen_prefetch_buffer.prefetch_buffer_i.fifo_i.rdata_q,2.1871
data_err_i,u_ibex_core.if_stage_i.gen_prefetch_buffer.prefetch_buffer_i.fifo_i.rdata_q,2.1871
data_err_i,u_ibex_core.if_stage_i.gen_prefetch_buffer.prefetch_buffer_i.fifo_i.rdata_q,2.1871
data_err_i,u_ibex_core.if_stage_i.gen_prefetch_buffer.prefetch_buffer_i.fifo_i.rdata_q,2.1871
data_err_i,u_ibex_core.if_stage_i.gen_prefetch_buffer.prefetch_buffer_i.fifo_i.rdata_q,2.1871
data_err_i,u_ibex_core.if_stage_i.gen_prefetch_buffer.prefetch_buffer_i.fifo_i.rdata_q,2.1871
data_err_i,u_ibex_core.if_stage_i.gen_prefetch_buffer.prefetch_buffer_i.fifo_i.rdata_q,2.1871
data_err_i,u_ibex_core.if_stage_i.gen_prefetch_buffer.prefetch_buffer_i.fifo_i.rdata_q,2.1871
data_err_i,u_ibex_core.if_stage_i.gen_prefetch_buffer.prefetch_buffer_i.fifo_i.rdata_q,2.1871
data_err_i,u_ibex_core.if_stage_i.gen_prefetch_buffer.prefetch_buffer_i.fifo_i.rdata_q,2.1871
data_err_i,u_ibex_core.if_stage_i.gen_prefetch_buffer.prefetch_buffer_i.fifo_i.rdata_q,2.1871
data_err_i,u_ibex_core.if_stage_i.gen_prefetch_buffer.prefetch_buffer_i.fifo_i.rdata_q,2.1871
data_err_i,u_ibex_core.if_stage_i.gen_prefetch_buffer.prefetch_buffer_i.fifo_i.rdata_q,2.1871
data_err_i,u_ibex_core.if_stage_i.gen_prefetch_buffer.prefetch_buffer_i.fifo_i.rdata_q,2.1871
data_err_i,u_ibex_core.if_stage_i.gen_prefetch_buffer.prefetch_buffer_i.fifo_i.rdata_q,2.1871
instr_rdata_i[28],genblk3.genblk1.gen_regfile_latch.register_file_i.raddr_a_i,2.1986
instr_err_i,crash_dump_o,2.199
instr_rdata_i[28],genblk3.genblk1.gen_regfile_latch.register_file_i.raddr_b_i,2.2037
instr_rdata_i[28],genblk3.genblk1.gen_regfile_latch.register_file_i.raddr_b_i,2.2046
irq_fast_i[11],u_ibex_core.if_stage_i.gen_prefetch_buffer.prefetch_buffer_i.fetch_addr_q,2.2083
instr_rdata_i[28],genblk3.genblk1.gen_regfile_latch.register_file_i.raddr_a_i,2.2112
instr_rdata_i[13],genblk3.genblk1.gen_regfile_latch.register_file_i.waddr_a_i,2.2133
data_err_i,u_ibex_core.if_stage_i.gen_prefetch_buffer.prefetch_buffer_i.fifo_i.rdata_q,2.2133
data_err_i,u_ibex_core.if_stage_i.gen_prefetch_buffer.prefetch_buffer_i.fifo_i.rdata_q,2.2133
data_err_i,u_ibex_core.if_stage_i.gen_prefetch_buffer.prefetch_buffer_i.fifo_i.rdata_q,2.2133
data_err_i,u_ibex_core.if_stage_i.gen_prefetch_buffer.prefetch_buffer_i.fifo_i.rdata_q,2.2133
data_err_i,u_ibex_core.if_stage_i.gen_prefetch_buffer.prefetch_buffer_i.fifo_i.rdata_q,2.2133
data_err_i,u_ibex_core.if_stage_i.gen_prefetch_buffer.prefetch_buffer_i.fifo_i.rdata_q,2.2133
instr_rdata_i[5],genblk3.genblk1.gen_regfile_latch.register_file_i.waddr_a_i,2.214
data_err_i,crash_dump_o,2.2278
data_err_i,crash_dump_o,2.2278
data_err_i,crash_dump_o,2.2278
data_err_i,crash_dump_o,2.2278
data_err_i,crash_dump_o,2.228
data_err_i,crash_dump_o,2.228
data_err_i,crash_dump_o,2.228
data_err_i,crash_dump_o,2.228
data_err_i,crash_dump_o,2.228
data_err_i,crash_dump_o,2.228
data_err_i,crash_dump_o,2.228
data_err_i,crash_dump_o,2.228
data_err_i,crash_dump_o,2.228
data_err_i,crash_dump_o,2.228
data_err_i,crash_dump_o,2.228
data_err_i,crash_dump_o,2.228
data_err_i,crash_dump_o,2.228
data_err_i,crash_dump_o,2.228
data_err_i,crash_dump_o,2.228
data_err_i,crash_dump_o,2.228
data_err_i,crash_dump_o,2.228
data_err_i,crash_dump_o,2.228
data_err_i,crash_dump_o,2.228
data_err_i,crash_dump_o,2.228
instr_rdata_i[13],genblk3.genblk1.gen_regfile_latch.register_file_i.raddr_a_i,2.229
data_rvalid_i,u_ibex_core.cs_registers_i.mhpmcounter[2],2.2318
data_rvalid_i,u_ibex_core.cs_registers_i.mhpmcounter[2],2.2318
data_rvalid_i,u_ibex_core.cs_registers_i.mhpmcounter[2],2.2318
data_rvalid_i,u_ibex_core.cs_registers_i.mhpmcounter[2],2.2318
data_rvalid_i,u_ibex_core.cs_registers_i.mhpmcounter[2],2.2318
data_rvalid_i,u_ibex_core.cs_registers_i.mhpmcounter[2],2.2318
data_rvalid_i,u_ibex_core.cs_registers_i.mhpmcounter[2],2.2318
data_rvalid_i,u_ibex_core.cs_registers_i.mhpmcounter[2],2.2318
data_rvalid_i,u_ibex_core.cs_registers_i.mhpmcounter[2],2.2318
data_rvalid_i,u_ibex_core.cs_registers_i.mhpmcounter[2],2.2318
data_rvalid_i,u_ibex_core.cs_registers_i.mhpmcounter[2],2.2318
data_rvalid_i,u_ibex_core.cs_registers_i.mhpmcounter[2],2.2318
data_rvalid_i,u_ibex_core.cs_registers_i.mhpmcounter[2],2.2318
data_rvalid_i,u_ibex_core.cs_registers_i.mhpmcounter[2],2.2318
data_rvalid_i,u_ibex_core.cs_registers_i.mhpmcounter[2],2.2318
data_rvalid_i,u_ibex_core.cs_registers_i.mhpmcounter[2],2.2318
data_rvalid_i,u_ibex_core.cs_registers_i.mhpmcounter[2],2.2318
data_rvalid_i,u_ibex_core.cs_registers_i.mhpmcounter[2],2.2318
data_rvalid_i,u_ibex_core.cs_registers_i.mhpmcounter[2],2.2318
data_rvalid_i,u_ibex_core.cs_registers_i.mhpmcounter[2],2.2318
data_rvalid_i,u_ibex_core.cs_registers_i.mhpmcounter[2],2.2318
data_rvalid_i,u_ibex_core.cs_registers_i.mhpmcounter[2],2.2318
data_rvalid_i,u_ibex_core.cs_registers_i.mhpmcounter[2],2.2318
data_rvalid_i,u_ibex_core.cs_registers_i.mhpmcounter[2],2.2318
data_rvalid_i,u_ibex_core.cs_registers_i.mhpmcounter[2],2.2318
data_rvalid_i,u_ibex_core.cs_registers_i.mhpmcounter[2],2.2318
data_rvalid_i,u_ibex_core.cs_registers_i.mhpmcounter[2],2.2318
data_rvalid_i,u_ibex_core.cs_registers_i.mhpmcounter[2],2.2318
data_rvalid_i,u_ibex_core.cs_registers_i.mhpmcounter[2],2.2318
data_rvalid_i,u_ibex_core.cs_registers_i.mhpmcounter[2],2.2318
instr_rdata_i[5],genblk3.genblk1.gen_regfile_latch.register_file_i.waddr_a_i,2.232
instr_rdata_i[13],genblk3.genblk1.gen_regfile_latch.register_file_i.raddr_b_i,2.2341
instr_err_i,crash_dump_o,2.2349
instr_rdata_i[13],genblk3.genblk1.gen_regfile_latch.register_file_i.waddr_a_i,2.235
instr_rdata_i[5],genblk3.genblk1.gen_regfile_latch.register_file_i.waddr_a_i,2.239
data_rvalid_i,u_ibex_core.cs_registers_i.mhpmcounter[2],2.2398
data_rvalid_i,u_ibex_core.cs_registers_i.mhpmcounter[2],2.2398
data_rvalid_i,u_ibex_core.cs_registers_i.mhpmcounter[2],2.2398
data_rvalid_i,u_ibex_core.cs_registers_i.mhpmcounter[2],2.2398
data_rvalid_i,u_ibex_core.cs_registers_i.mhpmcounter[2],2.2398
data_rvalid_i,u_ibex_core.cs_registers_i.mhpmcounter[2],2.2398
data_rvalid_i,u_ibex_core.cs_registers_i.mhpmcounter[2],2.2398
data_rvalid_i,u_ibex_core.cs_registers_i.mhpmcounter[2],2.2398
data_rvalid_i,u_ibex_core.cs_registers_i.mhpmcounter[2],2.2398
data_rvalid_i,u_ibex_core.cs_registers_i.mhpmcounter[2],2.2398
data_err_i,u_ibex_core.id_stage_i.controller_i.instr_fetch_err_i,2.2429
instr_err_i,crash_dump_o,2.2448
instr_rdata_i[13],genblk3.genblk1.gen_regfile_latch.register_file_i.raddr_b_i,2.2458
instr_rdata_i[13],u_ibex_core.id_stage_i.controller_i.instr_i,2.2476
irq_fast_i[11],u_ibex_core.if_stage_i.gen_prefetch_buffer.prefetch_buffer_i.fetch_addr_q,2.2488
data_err_i,u_ibex_core.id_stage_i.controller_i.instr_fetch_err_plus2_i,2.2498
instr_rdata_i[23],genblk3.genblk1.gen_regfile_latch.register_file_i.raddr_a_i,2.2503
data_err_i,crash_dump_o,2.2515
data_err_i,crash_dump_o,2.2515
data_err_i,crash_dump_o,2.2515
data_err_i,crash_dump_o,2.2515
data_err_i,crash_dump_o,2.2515
data_err_i,crash_dump_o,2.2515
data_err_i,crash_dump_o,2.2515
data_err_i,crash_dump_o,2.2515
data_err_i,crash_dump_o,2.2515
data_err_i,crash_dump_o,2.2515
data_err_i,crash_dump_o,2.2515
data_err_i,u_ibex_core.id_stage_i.controller_i.instr_i,2.2519
data_rvalid_i,u_ibex_core.cs_registers_i.mhpmcounter[2],2.2539
data_rvalid_i,u_ibex_core.cs_registers_i.mhpmcounter[2],2.2539
data_rvalid_i,u_ibex_core.cs_registers_i.mhpmcounter[2],2.2539
data_rvalid_i,u_ibex_core.cs_registers_i.mhpmcounter[2],2.2539
data_rvalid_i,u_ibex_core.cs_registers_i.mhpmcounter[2],2.2539
data_rvalid_i,u_ibex_core.cs_registers_i.mhpmcounter[2],2.2539
data_rvalid_i,u_ibex_core.cs_registers_i.mhpmcounter[2],2.2539
data_rvalid_i,u_ibex_core.cs_registers_i.mhpmcounter[2],2.2539
data_rvalid_i,u_ibex_core.cs_registers_i.mhpmcounter[2],2.2539
data_rvalid_i,u_ibex_core.cs_registers_i.mhpmcounter[2],2.2539
data_rvalid_i,u_ibex_core.cs_registers_i.mhpmcounter[2],2.2539
data_rvalid_i,u_ibex_core.cs_registers_i.mhpmcounter[2],2.2539
data_rvalid_i,u_ibex_core.cs_registers_i.mhpmcounter[2],2.2539
data_rvalid_i,u_ibex_core.cs_registers_i.mhpmcounter[2],2.2539
data_rvalid_i,u_ibex_core.cs_registers_i.mhpmcounter[2],2.2539
data_rvalid_i,u_ibex_core.cs_registers_i.mhpmcounter[2],2.2539
data_rvalid_i,u_ibex_core.cs_registers_i.mhpmcounter[2],2.2539
data_rvalid_i,u_ibex_core.cs_registers_i.mhpmcounter[2],2.2539
data_rvalid_i,u_ibex_core.cs_registers_i.mhpmcounter[2],2.2539
data_rvalid_i,u_ibex_core.cs_registers_i.mhpmcounter[2],2.2539
instr_rdata_i[13],u_ibex_core.id_stage_i.controller_i.instr_i,2.2554
data_err_i,u_ibex_core.id_stage_i.controller_i.id_wb_pending,2.2555
instr_rdata_i[13],u_ibex_core.id_stage_i.controller_i.instr_i,2.2602
instr_rdata_i[13],u_ibex_core.id_stage_i.controller_i.instr_i,2.2612
instr_rdata_i[13],u_ibex_core.id_stage_i.controller_i.instr_i,2.2616
instr_rdata_i[13],u_ibex_core.id_stage_i.decoder_i.illegal_c_insn_i,2.2625
data_err_i,u_ibex_core.id_stage_i.controller_i.instr_i,2.2628
data_err_i,u_ibex_core.id_stage_i.controller_i.instr_i,2.263
data_err_i,u_ibex_core.id_stage_i.controller_i.instr_compressed_i,2.2632
instr_rdata_i[23],u_ibex_core.id_stage_i.controller_i.instr_i,2.2641
data_err_i,u_ibex_core.id_stage_i.controller_i.instr_is_compressed_i,2.2641
data_err_i,u_ibex_core.id_stage_i.controller_i.instr_compressed_i,2.2641
data_err_i,u_ibex_core.id_stage_i.controller_i.instr_compressed_i,2.2641
data_err_i,u_ibex_core.id_stage_i.controller_i.instr_compressed_i,2.2641
data_err_i,crash_dump_o,2.2641
data_err_i,crash_dump_o,2.2641
data_err_i,crash_dump_o,2.2641
data_err_i,crash_dump_o,2.2641
data_err_i,crash_dump_o,2.2641
data_err_i,crash_dump_o,2.2641
data_err_i,crash_dump_o,2.2641
data_err_i,u_ibex_core.id_stage_i.controller_i.instr_compressed_i,2.2641
data_err_i,u_ibex_core.id_stage_i.controller_i.instr_compressed_i,2.2641
data_err_i,u_ibex_core.id_stage_i.controller_i.instr_compressed_i,2.2641
data_err_i,u_ibex_core.id_stage_i.controller_i.instr_compressed_i,2.2641
data_err_i,u_ibex_core.id_stage_i.controller_i.instr_compressed_i,2.2641
data_err_i,u_ibex_core.id_stage_i.controller_i.instr_compressed_i,2.2641
data_err_i,u_ibex_core.id_stage_i.controller_i.instr_compressed_i,2.2641
data_err_i,u_ibex_core.id_stage_i.controller_i.instr_compressed_i,2.2641
data_err_i,u_ibex_core.id_stage_i.controller_i.instr_compressed_i,2.2641
data_err_i,u_ibex_core.id_stage_i.controller_i.instr_compressed_i,2.2641
data_err_i,u_ibex_core.id_stage_i.controller_i.instr_compressed_i,2.2641
data_err_i,u_ibex_core.id_stage_i.controller_i.instr_compressed_i,2.2641
data_err_i,u_ibex_core.id_stage_i.controller_i.instr_i,2.2641
data_err_i,u_ibex_core.id_stage_i.controller_i.instr_i,2.2641
data_err_i,u_ibex_core.id_stage_i.controller_i.instr_i,2.2641
data_err_i,u_ibex_core.id_stage_i.controller_i.instr_i,2.2641
data_err_i,u_ibex_core.id_stage_i.controller_i.instr_i,2.2641
data_rvalid_i,u_ibex_core.cs_registers_i.mhpmcounter[2],2.2642
data_rvalid_i,u_ibex_core.cs_registers_i.mhpmcounter[2],2.2642
data_err_i,u_ibex_core.id_stage_i.controller_i.instr_i,2.2656
data_err_i,u_ibex_core.id_stage_i.controller_i.instr_i,2.2656
data_err_i,u_ibex_core.id_stage_i.controller_i.instr_i,2.2656
irq_fast_i[11],u_ibex_core.if_stage_i.gen_prefetch_buffer.prefetch_buffer_i.fetch_addr_q,2.2737
data_rvalid_i,u_ibex_core.cs_registers_i.mcycle_counter_i.counter,2.2739
data_rvalid_i,u_ibex_core.cs_registers_i.mcycle_counter_i.counter,2.2741
data_err_i,u_ibex_core.if_stage_i.gen_prefetch_buffer.prefetch_buffer_i.fifo_i.valid_q,2.2751
data_rvalid_i,u_ibex_core.cs_registers_i.mcycle_counter_i.counter,2.2754
data_rvalid_i,u_ibex_core.cs_registers_i.mcycle_counter_i.counter,2.276
data_rvalid_i,u_ibex_core.cs_registers_i.mcycle_counter_i.counter,2.276
data_rvalid_i,u_ibex_core.cs_registers_i.mcycle_counter_i.counter,2.2775
data_rvalid_i,u_ibex_core.cs_registers_i.mcycle_counter_i.counter,2.2775
data_rvalid_i,u_ibex_core.cs_registers_i.mcycle_counter_i.counter,2.2775
data_rvalid_i,u_ibex_core.cs_registers_i.mhpmcounter[2],2.2776
data_rvalid_i,u_ibex_core.cs_registers_i.mcycle_counter_i.counter,2.278
data_rvalid_i,u_ibex_core.cs_registers_i.mcycle_counter_i.counter,2.278
data_rvalid_i,u_ibex_core.cs_registers_i.mcycle_counter_i.counter,2.278
data_rvalid_i,u_ibex_core.cs_registers_i.mcycle_counter_i.counter,2.278
data_rvalid_i,u_ibex_core.cs_registers_i.mcycle_counter_i.counter,2.278
data_rvalid_i,u_ibex_core.cs_registers_i.mcycle_counter_i.counter,2.278
data_rvalid_i,u_ibex_core.cs_registers_i.mcycle_counter_i.counter,2.278
data_rvalid_i,u_ibex_core.cs_registers_i.mcycle_counter_i.counter,2.278
data_rvalid_i,u_ibex_core.cs_registers_i.mcycle_counter_i.counter,2.278
data_rvalid_i,u_ibex_core.cs_registers_i.mcycle_counter_i.counter,2.278
data_rvalid_i,u_ibex_core.cs_registers_i.mcycle_counter_i.counter,2.2804
data_rvalid_i,u_ibex_core.cs_registers_i.mcycle_counter_i.counter,2.2804
data_rvalid_i,u_ibex_core.cs_registers_i.mcycle_counter_i.counter,2.2804
data_rvalid_i,u_ibex_core.cs_registers_i.mcycle_counter_i.counter,2.2807
data_rvalid_i,u_ibex_core.cs_registers_i.mcycle_counter_i.counter,2.2808
data_rvalid_i,u_ibex_core.cs_registers_i.mcycle_counter_i.counter,2.2811
data_rvalid_i,u_ibex_core.cs_registers_i.mcycle_counter_i.counter,2.2812
data_rvalid_i,u_ibex_core.cs_registers_i.mcycle_counter_i.counter,2.2812
data_rvalid_i,u_ibex_core.cs_registers_i.mcycle_counter_i.counter,2.2812
data_rvalid_i,u_ibex_core.cs_registers_i.mcycle_counter_i.counter,2.2812
data_rvalid_i,u_ibex_core.cs_registers_i.mcycle_counter_i.counter,2.2812
data_rvalid_i,u_ibex_core.cs_registers_i.mcycle_counter_i.counter,2.2812
data_rvalid_i,u_ibex_core.cs_registers_i.mcycle_counter_i.counter,2.2813
data_rvalid_i,u_ibex_core.cs_registers_i.mcycle_counter_i.counter,2.2813
data_rvalid_i,u_ibex_core.cs_registers_i.mcycle_counter_i.counter,2.2813
data_err_i,u_ibex_core.if_stage_i.gen_prefetch_buffer.prefetch_buffer_i.fifo_busy,2.2819
data_rvalid_i,u_ibex_core.cs_registers_i.mcycle_counter_i.counter,2.2826
data_rvalid_i,u_ibex_core.cs_registers_i.mcycle_counter_i.counter,2.2826
data_rvalid_i,u_ibex_core.cs_registers_i.mcycle_counter_i.counter,2.2829
data_rvalid_i,u_ibex_core.cs_registers_i.mcycle_counter_i.counter,2.283
data_rvalid_i,u_ibex_core.cs_registers_i.mcycle_counter_i.counter,2.283
data_rvalid_i,u_ibex_core.cs_registers_i.mcycle_counter_i.counter,2.2832
data_rvalid_i,u_ibex_core.cs_registers_i.mcycle_counter_i.counter,2.2832
data_rvalid_i,u_ibex_core.cs_registers_i.mcycle_counter_i.counter,2.2833
data_rvalid_i,u_ibex_core.cs_registers_i.mcycle_counter_i.counter,2.2834
data_rvalid_i,u_ibex_core.cs_registers_i.mcycle_counter_i.counter,2.2834
data_rvalid_i,u_ibex_core.cs_registers_i.mcycle_counter_i.counter,2.2835
data_rvalid_i,u_ibex_core.cs_registers_i.mcycle_counter_i.counter,2.2835
data_rvalid_i,u_ibex_core.cs_registers_i.mcycle_counter_i.counter,2.2835
data_rvalid_i,u_ibex_core.cs_registers_i.mcycle_counter_i.counter,2.2835
data_rvalid_i,u_ibex_core.cs_registers_i.mcycle_counter_i.counter,2.2835
data_rvalid_i,u_ibex_core.cs_registers_i.mcycle_counter_i.counter,2.2835
data_rvalid_i,u_ibex_core.cs_registers_i.mcycle_counter_i.counter,2.2835
data_rvalid_i,u_ibex_core.cs_registers_i.mcycle_counter_i.counter,2.2835
data_rvalid_i,u_ibex_core.cs_registers_i.mcycle_counter_i.counter,2.2835
data_rvalid_i,u_ibex_core.cs_registers_i.mcycle_counter_i.counter,2.2835
data_rvalid_i,u_ibex_core.cs_registers_i.mcycle_counter_i.counter,2.2835
data_rvalid_i,u_ibex_core.cs_registers_i.mcycle_counter_i.counter,2.2835
data_rvalid_i,u_ibex_core.cs_registers_i.mcycle_counter_i.counter,2.2835
data_rvalid_i,u_ibex_core.cs_registers_i.mcycle_counter_i.counter,2.2835
data_rvalid_i,u_ibex_core.cs_registers_i.mcycle_counter_i.counter,2.2835
data_rvalid_i,u_ibex_core.cs_registers_i.mhpmcounter[2],2.2853
data_rvalid_i,u_ibex_core.cs_registers_i.mcycle_counter_i.counter,2.2854
data_rvalid_i,crash_dump_o,2.2875
data_rvalid_i,crash_dump_o,2.2875
data_rvalid_i,crash_dump_o,2.2875
data_rvalid_i,crash_dump_o,2.2875
data_rvalid_i,crash_dump_o,2.2875
data_rvalid_i,crash_dump_o,2.2875
data_rvalid_i,crash_dump_o,2.2875
data_rvalid_i,crash_dump_o,2.2875
data_rvalid_i,crash_dump_o,2.2875
data_rvalid_i,crash_dump_o,2.2875
data_rvalid_i,crash_dump_o,2.2875
data_rvalid_i,crash_dump_o,2.2875
data_rvalid_i,crash_dump_o,2.2875
data_rvalid_i,crash_dump_o,2.2875
data_rvalid_i,crash_dump_o,2.2875
data_rvalid_i,crash_dump_o,2.2875
data_rvalid_i,crash_dump_o,2.2875
data_rvalid_i,crash_dump_o,2.2875
data_rvalid_i,crash_dump_o,2.2875
data_rvalid_i,crash_dump_o,2.2882
data_rvalid_i,u_ibex_core.cs_registers_i.mcycle_counter_i.counter,2.29
data_rvalid_i,u_ibex_core.cs_registers_i.mcycle_counter_i.counter,2.29
data_rvalid_i,u_ibex_core.cs_registers_i.mcycle_counter_i.counter,2.29
data_rvalid_i,u_ibex_core.cs_registers_i.mcycle_counter_i.counter,2.29
data_rvalid_i,u_ibex_core.cs_registers_i.mcycle_counter_i.counter,2.2919
data_rvalid_i,u_ibex_core.cs_registers_i.dscratch1_q,2.2977
data_rvalid_i,u_ibex_core.cs_registers_i.dscratch1_q,2.2977
data_rvalid_i,u_ibex_core.cs_registers_i.dscratch1_q,2.2977
data_rvalid_i,u_ibex_core.cs_registers_i.dscratch1_q,2.2977
data_rvalid_i,u_ibex_core.cs_registers_i.dscratch1_q,2.2977
data_rvalid_i,u_ibex_core.cs_registers_i.dscratch1_q,2.2977
data_rvalid_i,u_ibex_core.cs_registers_i.dscratch1_q,2.2977
data_rvalid_i,u_ibex_core.cs_registers_i.dscratch1_q,2.2977
data_rvalid_i,u_ibex_core.cs_registers_i.dscratch1_q,2.2977
data_rvalid_i,u_ibex_core.cs_registers_i.dscratch0_q,2.2977
data_rvalid_i,u_ibex_core.cs_registers_i.dscratch0_q,2.2977
data_rvalid_i,u_ibex_core.cs_registers_i.dscratch0_q,2.2977
data_rvalid_i,u_ibex_core.cs_registers_i.dscratch0_q,2.2977
data_rvalid_i,u_ibex_core.cs_registers_i.dscratch0_q,2.2977
data_rvalid_i,u_ibex_core.cs_registers_i.dscratch0_q,2.2977
data_rvalid_i,u_ibex_core.cs_registers_i.dscratch0_q,2.2977
data_rvalid_i,u_ibex_core.cs_registers_i.dscratch0_q,2.2977
data_rvalid_i,u_ibex_core.cs_registers_i.dscratch0_q,2.2977
data_rvalid_i,u_ibex_core.cs_registers_i.csr_mtvec_o,2.2991
data_rvalid_i,u_ibex_core.cs_registers_i.csr_mtvec_o,2.2991
data_rvalid_i,u_ibex_core.cs_registers_i.csr_mtvec_o,2.2991
data_rvalid_i,u_ibex_core.cs_registers_i.csr_mtvec_o,2.2991
data_rvalid_i,u_ibex_core.cs_registers_i.csr_mtvec_o,2.2991
data_rvalid_i,u_ibex_core.cs_registers_i.csr_mtvec_o,2.2991
data_rvalid_i,u_ibex_core.cs_registers_i.csr_mtvec_o,2.2991
data_rvalid_i,u_ibex_core.cs_registers_i.csr_mtvec_o,2.2991
data_rvalid_i,u_ibex_core.cs_registers_i.csr_mtvec_o,2.2991
data_rvalid_i,u_ibex_core.cs_registers_i.csr_mtvec_o,2.2991
data_rvalid_i,u_ibex_core.cs_registers_i.csr_mtvec_o,2.2991
data_rvalid_i,u_ibex_core.cs_registers_i.csr_mtvec_o,2.2991
data_rvalid_i,u_ibex_core.cs_registers_i.csr_mtvec_o,2.2991
data_rvalid_i,u_ibex_core.cs_registers_i.csr_mtvec_o,2.2991
data_rvalid_i,u_ibex_core.cs_registers_i.csr_mtvec_o,2.2991
data_rvalid_i,u_ibex_core.cs_registers_i.csr_mtvec_o,2.2991
data_rvalid_i,u_ibex_core.cs_registers_i.csr_mtvec_o,2.2991
data_rvalid_i,u_ibex_core.cs_registers_i.csr_mtvec_o,2.2991
data_rvalid_i,u_ibex_core.cs_registers_i.csr_mtvec_o,2.2991
data_rvalid_i,u_ibex_core.cs_registers_i.csr_mtvec_o,2.2991
data_rvalid_i,u_ibex_core.cs_registers_i.csr_depc_o,2.2994
data_rvalid_i,u_ibex_core.cs_registers_i.csr_depc_o,2.2994
data_rvalid_i,u_ibex_core.cs_registers_i.csr_depc_o,2.2994
data_rvalid_i,u_ibex_core.cs_registers_i.csr_depc_o,2.2994
data_rvalid_i,u_ibex_core.cs_registers_i.csr_depc_o,2.2994
data_rvalid_i,u_ibex_core.cs_registers_i.csr_depc_o,2.2994
data_rvalid_i,u_ibex_core.cs_registers_i.csr_depc_o,2.2994
data_rvalid_i,u_ibex_core.cs_registers_i.csr_depc_o,2.2994
data_rvalid_i,u_ibex_core.cs_registers_i.csr_depc_o,2.2994
data_rvalid_i,u_ibex_core.cs_registers_i.csr_depc_o,2.2994
data_rvalid_i,u_ibex_core.cs_registers_i.csr_depc_o,2.2994
data_rvalid_i,u_ibex_core.cs_registers_i.csr_depc_o,2.2994
data_rvalid_i,u_ibex_core.cs_registers_i.csr_depc_o,2.2994
data_rvalid_i,u_ibex_core.cs_registers_i.csr_depc_o,2.2994
data_rvalid_i,u_ibex_core.cs_registers_i.csr_depc_o,2.2994
data_rvalid_i,u_ibex_core.cs_registers_i.csr_depc_o,2.2994
data_rvalid_i,u_ibex_core.cs_registers_i.csr_depc_o,2.2994
data_rvalid_i,u_ibex_core.cs_registers_i.csr_depc_o,2.2994
data_rvalid_i,u_ibex_core.cs_registers_i.csr_depc_o,2.2994
data_rvalid_i,u_ibex_core.cs_registers_i.csr_depc_o,2.2994
data_rvalid_i,u_ibex_core.cs_registers_i.csr_depc_o,2.2994
data_rvalid_i,u_ibex_core.cs_registers_i.csr_depc_o,2.2994
data_rvalid_i,u_ibex_core.cs_registers_i.csr_depc_o,2.2994
data_rvalid_i,u_ibex_core.cs_registers_i.csr_depc_o,2.2994
data_rvalid_i,u_ibex_core.cs_registers_i.csr_depc_o,2.2994
data_rvalid_i,u_ibex_core.cs_registers_i.csr_depc_o,2.2994
data_rvalid_i,u_ibex_core.cs_registers_i.csr_depc_o,2.2994
data_rvalid_i,u_ibex_core.cs_registers_i.csr_depc_o,2.2994
data_rvalid_i,u_ibex_core.cs_registers_i.csr_depc_o,2.2994
data_rvalid_i,u_ibex_core.cs_registers_i.csr_depc_o,2.2994
data_rvalid_i,u_ibex_core.cs_registers_i.dscratch1_q,2.3002
data_rvalid_i,u_ibex_core.cs_registers_i.dscratch1_q,2.3002
data_rvalid_i,u_ibex_core.cs_registers_i.dscratch0_q,2.3002
data_rvalid_i,u_ibex_core.cs_registers_i.dscratch0_q,2.3002
data_rvalid_i,crash_dump_o,2.3064
data_rvalid_i,crash_dump_o,2.3064
data_rvalid_i,crash_dump_o,2.3064
data_rvalid_i,crash_dump_o,2.3075
data_rvalid_i,crash_dump_o,2.3075
data_err_i,u_ibex_core.id_stage_i.controller_i.ctrl_fsm_cs,2.3088
data_rvalid_i,u_ibex_core.cs_registers_i.mscratch_q,2.3091
data_rvalid_i,u_ibex_core.cs_registers_i.mscratch_q,2.3091
data_rvalid_i,u_ibex_core.cs_registers_i.mscratch_q,2.3091
data_rvalid_i,u_ibex_core.cs_registers_i.mscratch_q,2.3091
data_rvalid_i,u_ibex_core.cs_registers_i.mscratch_q,2.3091
data_rvalid_i,u_ibex_core.cs_registers_i.mscratch_q,2.3091
data_rvalid_i,u_ibex_core.cs_registers_i.mscratch_q,2.3091
data_rvalid_i,u_ibex_core.cs_registers_i.mscratch_q,2.3091
data_rvalid_i,u_ibex_core.cs_registers_i.mscratch_q,2.3091
data_rvalid_i,u_ibex_core.cs_registers_i.mscratch_q,2.3116
data_rvalid_i,u_ibex_core.cs_registers_i.mscratch_q,2.3116
data_rvalid_i,u_ibex_core.cs_registers_i.mstack_d,2.312
data_rvalid_i,u_ibex_core.cs_registers_i.mstack_d,2.312
data_rvalid_i,u_ibex_core.cs_registers_i.mstack_d,2.313
irq_fast_i[11],u_ibex_core.if_stage_i.gen_prefetch_buffer.prefetch_buffer_i.fetch_addr_q,2.3142
data_rvalid_i,u_ibex_core.cs_registers_i.mcause_q,2.3144
data_rvalid_i,u_ibex_core.cs_registers_i.mcause_q,2.3144
data_rvalid_i,u_ibex_core.cs_registers_i.mcause_q,2.3144
data_rvalid_i,u_ibex_core.cs_registers_i.mcause_q,2.3144
data_rvalid_i,u_ibex_core.cs_registers_i.mcause_q,2.3144
data_rvalid_i,u_ibex_core.cs_registers_i.mcause_q,2.3144
data_rvalid_i,u_ibex_core.cs_registers_i.dscratch1_q,2.3151
data_rvalid_i,u_ibex_core.cs_registers_i.dscratch0_q,2.3151
data_rvalid_i,u_ibex_core.cs_registers_i.csr_mstatus_mie_o,2.3154
data_rvalid_i,u_ibex_core.cs_registers_i.dscratch1_q,2.3159
data_rvalid_i,u_ibex_core.cs_registers_i.dscratch1_q,2.3159
data_rvalid_i,u_ibex_core.cs_registers_i.dscratch1_q,2.3159
data_rvalid_i,u_ibex_core.cs_registers_i.dscratch1_q,2.3159
data_rvalid_i,u_ibex_core.cs_registers_i.dscratch1_q,2.3159
data_rvalid_i,u_ibex_core.cs_registers_i.dscratch1_q,2.3159
data_rvalid_i,u_ibex_core.cs_registers_i.dscratch1_q,2.3159
data_rvalid_i,u_ibex_core.cs_registers_i.dscratch0_q,2.3159
data_rvalid_i,u_ibex_core.cs_registers_i.dscratch0_q,2.3159
data_rvalid_i,u_ibex_core.cs_registers_i.dscratch0_q,2.3159
data_rvalid_i,u_ibex_core.cs_registers_i.dscratch0_q,2.3159
data_rvalid_i,u_ibex_core.cs_registers_i.dscratch0_q,2.3159
data_rvalid_i,u_ibex_core.cs_registers_i.dscratch0_q,2.3159
data_rvalid_i,u_ibex_core.cs_registers_i.dscratch0_q,2.3159
data_rvalid_i,u_ibex_core.cs_registers_i.dscratch1_q,2.3166
data_rvalid_i,u_ibex_core.cs_registers_i.dscratch1_q,2.3166
data_rvalid_i,u_ibex_core.cs_registers_i.dscratch1_q,2.3166
data_rvalid_i,u_ibex_core.cs_registers_i.dscratch1_q,2.3166
data_rvalid_i,u_ibex_core.cs_registers_i.dscratch1_q,2.3166
data_rvalid_i,u_ibex_core.cs_registers_i.dscratch1_q,2.3166
data_rvalid_i,u_ibex_core.cs_registers_i.dscratch1_q,2.3166
data_rvalid_i,u_ibex_core.cs_registers_i.dscratch1_q,2.3166
data_rvalid_i,u_ibex_core.cs_registers_i.dscratch1_q,2.3166
data_rvalid_i,u_ibex_core.cs_registers_i.dscratch1_q,2.3166
data_rvalid_i,u_ibex_core.cs_registers_i.dscratch0_q,2.3166
data_rvalid_i,u_ibex_core.cs_registers_i.dscratch0_q,2.3166
data_rvalid_i,u_ibex_core.cs_registers_i.dscratch0_q,2.3166
data_rvalid_i,u_ibex_core.cs_registers_i.dscratch0_q,2.3166
data_rvalid_i,u_ibex_core.cs_registers_i.dscratch0_q,2.3166
data_rvalid_i,u_ibex_core.cs_registers_i.dscratch0_q,2.3166
data_rvalid_i,u_ibex_core.cs_registers_i.dscratch0_q,2.3166
data_rvalid_i,u_ibex_core.cs_registers_i.dscratch0_q,2.3166
data_rvalid_i,u_ibex_core.cs_registers_i.dscratch0_q,2.3166
data_rvalid_i,u_ibex_core.cs_registers_i.dscratch0_q,2.3166
data_rvalid_i,u_ibex_core.cs_registers_i.dcsr_q,2.3176
data_rvalid_i,u_ibex_core.cs_registers_i.dcsr_q,2.3195
data_rvalid_i,u_ibex_core.cs_registers_i.dscratch1_q,2.3198
data_rvalid_i,u_ibex_core.cs_registers_i.dscratch1_q,2.3198
data_rvalid_i,u_ibex_core.cs_registers_i.dscratch0_q,2.3198
data_rvalid_i,u_ibex_core.cs_registers_i.dscratch0_q,2.3198
data_rvalid_i,u_ibex_core.cs_registers_i.mie_q,2.3199
data_rvalid_i,u_ibex_core.cs_registers_i.mie_q,2.3199
data_rvalid_i,u_ibex_core.cs_registers_i.mie_q,2.3199
data_rvalid_i,u_ibex_core.cs_registers_i.mie_q,2.3203
data_rvalid_i,u_ibex_core.cs_registers_i.mie_q,2.3203
data_rvalid_i,u_ibex_core.cs_registers_i.mie_q,2.3203
data_rvalid_i,u_ibex_core.cs_registers_i.mie_q,2.3203
data_rvalid_i,u_ibex_core.cs_registers_i.mie_q,2.3203
data_rvalid_i,u_ibex_core.cs_registers_i.mie_q,2.3203
data_rvalid_i,u_ibex_core.cs_registers_i.mie_q,2.3203
data_rvalid_i,u_ibex_core.cs_registers_i.mie_q,2.3207
data_rvalid_i,u_ibex_core.cs_registers_i.mie_q,2.3207
data_rvalid_i,u_ibex_core.cs_registers_i.mie_q,2.3207
data_rvalid_i,u_ibex_core.cs_registers_i.mie_q,2.3207
data_rvalid_i,u_ibex_core.cs_registers_i.mie_q,2.3207
data_err_i,u_ibex_core.id_stage_i.controller_i.ctrl_fsm_cs,2.322
data_rvalid_i,u_ibex_core.cs_registers_i.mscratch_q,2.3265
data_rvalid_i,crash_dump_o,2.3271
data_rvalid_i,crash_dump_o,2.3271
data_rvalid_i,crash_dump_o,2.3271
data_rvalid_i,crash_dump_o,2.3271
data_rvalid_i,crash_dump_o,2.3271
data_rvalid_i,crash_dump_o,2.3271
data_rvalid_i,crash_dump_o,2.3271
data_rvalid_i,u_ibex_core.cs_registers_i.mscratch_q,2.3272
data_rvalid_i,u_ibex_core.cs_registers_i.mscratch_q,2.3272
data_rvalid_i,u_ibex_core.cs_registers_i.mscratch_q,2.3272
data_rvalid_i,u_ibex_core.cs_registers_i.mscratch_q,2.3272
data_rvalid_i,u_ibex_core.cs_registers_i.mscratch_q,2.3272
data_rvalid_i,u_ibex_core.cs_registers_i.mscratch_q,2.3272
data_rvalid_i,u_ibex_core.cs_registers_i.mscratch_q,2.3272
data_rvalid_i,u_ibex_core.cs_registers_i.mcause_q,2.3278
data_rvalid_i,u_ibex_core.cs_registers_i.mscratch_q,2.328
data_rvalid_i,u_ibex_core.cs_registers_i.mscratch_q,2.328
data_rvalid_i,u_ibex_core.cs_registers_i.mscratch_q,2.328
data_rvalid_i,u_ibex_core.cs_registers_i.mscratch_q,2.328
data_rvalid_i,u_ibex_core.cs_registers_i.mscratch_q,2.328
data_rvalid_i,u_ibex_core.cs_registers_i.mscratch_q,2.328
data_rvalid_i,u_ibex_core.cs_registers_i.mscratch_q,2.328
data_rvalid_i,u_ibex_core.cs_registers_i.mscratch_q,2.328
data_rvalid_i,u_ibex_core.cs_registers_i.mscratch_q,2.328
data_rvalid_i,u_ibex_core.cs_registers_i.mscratch_q,2.328
data_rvalid_i,crash_dump_o,2.3285
data_rvalid_i,crash_dump_o,2.3285
data_rvalid_i,crash_dump_o,2.3285
data_rvalid_i,crash_dump_o,2.3285
data_rvalid_i,crash_dump_o,2.3285
data_rvalid_i,crash_dump_o,2.3285
data_rvalid_i,crash_dump_o,2.3285
data_rvalid_i,crash_dump_o,2.3285
data_rvalid_i,crash_dump_o,2.3303
data_rvalid_i,crash_dump_o,2.3303
data_rvalid_i,crash_dump_o,2.3303
data_rvalid_i,crash_dump_o,2.3303
data_rvalid_i,crash_dump_o,2.3303
data_rvalid_i,crash_dump_o,2.3303
data_rvalid_i,u_ibex_core.cs_registers_i.mscratch_q,2.3312
data_rvalid_i,u_ibex_core.cs_registers_i.mscratch_q,2.3312
data_rvalid_i,crash_dump_o,2.3358
data_rvalid_i,crash_dump_o,2.3358
data_rvalid_i,crash_dump_o,2.3365
data_rvalid_i,crash_dump_o,2.3387
irq_fast_i[11],u_ibex_core.if_stage_i.gen_prefetch_buffer.prefetch_buffer_i.fetch_addr_q,2.3392
data_err_i,u_ibex_core.id_stage_i.controller_i.ctrl_fsm_cs,2.3403
data_rvalid_i,u_ibex_core.cs_registers_i.dscratch1_q,2.3409
data_rvalid_i,u_ibex_core.cs_registers_i.dscratch0_q,2.3409
data_err_i,u_ibex_core.id_stage_i.controller_i.ctrl_fsm_cs,2.3423
data_rvalid_i,crash_dump_o,2.3429
data_rvalid_i,crash_dump_o,2.3429
data_rvalid_i,u_ibex_core.cs_registers_i.mstatus_q,2.3436
data_rvalid_i,u_ibex_core.cs_registers_i.cpuctrlsts_part_q,2.3457
data_rvalid_i,u_ibex_core.cs_registers_i.cpuctrlsts_part_q,2.3458
data_rvalid_i,u_ibex_core.cs_registers_i.csr_mtvec_o,2.3466
data_rvalid_i,u_ibex_core.cs_registers_i.csr_mtvec_o,2.3466
data_rvalid_i,u_ibex_core.cs_registers_i.csr_mtvec_o,2.3466
data_rvalid_i,u_ibex_core.cs_registers_i.csr_mtvec_o,2.3466
data_rvalid_i,crash_dump_o,2.3484
data_rvalid_i,crash_dump_o,2.3484
data_rvalid_i,crash_dump_o,2.3484
data_rvalid_i,crash_dump_o,2.3484
data_rvalid_i,crash_dump_o,2.3484
data_rvalid_i,crash_dump_o,2.3484
data_rvalid_i,crash_dump_o,2.3484
data_rvalid_i,crash_dump_o,2.3484
data_rvalid_i,crash_dump_o,2.3484
data_rvalid_i,crash_dump_o,2.3484
data_err_i,u_ibex_core.if_stage_i.gen_prefetch_buffer.prefetch_buffer_i.fifo_busy,2.349
data_rvalid_i,u_ibex_core.cs_registers_i.mscratch_q,2.3523
data_rvalid_i,crash_dump_o,2.3531
data_rvalid_i,crash_dump_o,2.3531
data_rdata_i[15],genblk3.genblk1.gen_regfile_latch.register_file_i.wdata_a_q,2.3561
data_rdata_i[15],genblk3.genblk1.gen_regfile_latch.register_file_i.wdata_a_q,2.3561
data_rdata_i[15],genblk3.genblk1.gen_regfile_latch.register_file_i.wdata_a_q,2.3561
data_rdata_i[15],genblk3.genblk1.gen_regfile_latch.register_file_i.wdata_a_q,2.3561
data_rdata_i[15],genblk3.genblk1.gen_regfile_latch.register_file_i.wdata_a_q,2.3561
data_rdata_i[15],genblk3.genblk1.gen_regfile_latch.register_file_i.wdata_a_q,2.3561
data_rdata_i[15],genblk3.genblk1.gen_regfile_latch.register_file_i.wdata_a_q,2.3561
data_rdata_i[15],genblk3.genblk1.gen_regfile_latch.register_file_i.wdata_a_q,2.3561
data_rdata_i[15],genblk3.genblk1.gen_regfile_latch.register_file_i.wdata_a_q,2.3561
data_rvalid_i,u_ibex_core.cs_registers_i.debug_single_step_o,2.3567
data_rvalid_i,u_ibex_core.cs_registers_i.debug_ebreaku_o,2.3567
data_rvalid_i,u_ibex_core.cs_registers_i.dcsr_q,2.3567
data_rvalid_i,u_ibex_core.cs_registers_i.debug_ebreakm_o,2.3567
data_rvalid_i,u_ibex_core.cs_registers_i.mie_q,2.3624
data_rvalid_i,u_ibex_core.cs_registers_i.mie_q,2.3624
data_rvalid_i,u_ibex_core.cs_registers_i.mie_q,2.3624
data_rvalid_i,u_ibex_core.cs_registers_i.csr_mstatus_tw_o,2.3691
data_rvalid_i,u_ibex_core.cs_registers_i.csr_depc_o,2.3701
data_rdata_i[15],genblk3.genblk1.gen_regfile_latch.register_file_i.wdata_a_q,2.373
data_rvalid_i,u_ibex_core.cs_registers_i.mcountinhibit,2.375
data_rvalid_i,u_ibex_core.cs_registers_i.mcountinhibit,2.375
irq_fast_i[11],u_ibex_core.if_stage_i.gen_prefetch_buffer.prefetch_buffer_i.fetch_addr_q,2.3796
data_gnt_i,crash_dump_o,2.3919
data_gnt_i,crash_dump_o,2.3919
data_gnt_i,crash_dump_o,2.3919
data_gnt_i,crash_dump_o,2.3919
data_gnt_i,crash_dump_o,2.3919
data_gnt_i,crash_dump_o,2.3919
data_gnt_i,crash_dump_o,2.3919
data_gnt_i,crash_dump_o,2.3919
data_gnt_i,crash_dump_o,2.3919
data_gnt_i,crash_dump_o,2.3919
data_gnt_i,crash_dump_o,2.3919
data_gnt_i,crash_dump_o,2.3919
data_gnt_i,crash_dump_o,2.3919
data_gnt_i,crash_dump_o,2.3919
data_gnt_i,crash_dump_o,2.3919
data_gnt_i,crash_dump_o,2.3919
data_gnt_i,crash_dump_o,2.3919
data_gnt_i,crash_dump_o,2.3919
data_gnt_i,crash_dump_o,2.3919
data_gnt_i,crash_dump_o,2.3919
irq_fast_i[11],u_ibex_core.if_stage_i.gen_prefetch_buffer.prefetch_buffer_i.fetch_addr_q,2.4046
data_err_i,genblk3.genblk1.gen_regfile_latch.register_file_i.wdata_a_q,2.4052
data_err_i,genblk3.genblk1.gen_regfile_latch.register_file_i.wdata_a_q,2.4052
data_err_i,genblk3.genblk1.gen_regfile_latch.register_file_i.wdata_a_q,2.4058
data_err_i,genblk3.genblk1.gen_regfile_latch.register_file_i.wdata_a_q,2.4058
data_err_i,genblk3.genblk1.gen_regfile_latch.register_file_i.wdata_a_q,2.4058
data_gnt_i,crash_dump_o,2.4069
data_gnt_i,crash_dump_o,2.4069
data_gnt_i,crash_dump_o,2.4069
data_gnt_i,crash_dump_o,2.4069
data_gnt_i,crash_dump_o,2.4069
data_gnt_i,crash_dump_o,2.4069
data_gnt_i,crash_dump_o,2.4069
data_gnt_i,crash_dump_o,2.4069
data_rvalid_i,u_ibex_core.id_stage_i.branch_jump_set_done_q,2.407
data_err_i,genblk3.genblk1.gen_regfile_latch.register_file_i.wdata_a_q,2.4096
data_err_i,genblk3.genblk1.gen_regfile_latch.register_file_i.wdata_a_q,2.4103
data_err_i,genblk3.genblk1.gen_regfile_latch.register_file_i.wdata_a_q,2.4103
data_err_i,genblk3.genblk1.gen_regfile_latch.register_file_i.wdata_a_q,2.4103
data_err_i,genblk3.genblk1.gen_regfile_latch.register_file_i.wdata_a_q,2.4103
data_rdata_i[15],genblk3.genblk1.gen_regfile_latch.register_file_i.wdata_a_q,2.4293
data_rdata_i[15],genblk3.genblk1.gen_regfile_latch.register_file_i.wdata_a_q,2.4293
data_rdata_i[15],genblk3.genblk1.gen_regfile_latch.register_file_i.wdata_a_q,2.4293
data_rdata_i[15],genblk3.genblk1.gen_regfile_latch.register_file_i.wdata_a_q,2.4293
data_gnt_i,crash_dump_o,2.438
data_gnt_i,crash_dump_o,2.4386
irq_fast_i[11],u_ibex_core.if_stage_i.gen_prefetch_buffer.prefetch_buffer_i.fetch_addr_q,2.4454
data_err_i,genblk3.genblk1.gen_regfile_latch.register_file_i.wdata_a_q,2.4571
data_err_i,genblk3.genblk1.gen_regfile_latch.register_file_i.wdata_a_q,2.4571
data_err_i,genblk3.genblk1.gen_regfile_latch.register_file_i.wdata_a_q,2.4591
data_err_i,genblk3.genblk1.gen_regfile_latch.register_file_i.wdata_a_q,2.4604
data_err_i,genblk3.genblk1.gen_regfile_latch.register_file_i.wdata_a_q,2.4604
data_err_i,genblk3.genblk1.gen_regfile_latch.register_file_i.wdata_a_q,2.4681
data_err_i,genblk3.genblk1.gen_regfile_latch.register_file_i.wdata_a_q,2.4681
data_err_i,genblk3.genblk1.gen_regfile_latch.register_file_i.wdata_a_q,2.4711
data_gnt_i,crash_dump_o,2.4783
data_gnt_i,crash_dump_o,2.4783
irq_fast_i[11],u_ibex_core.if_stage_i.gen_prefetch_buffer.prefetch_buffer_i.fetch_addr_q,2.4801
instr_rvalid_i,u_ibex_core.if_stage_i.gen_prefetch_buffer.prefetch_buffer_i.fifo_i.err_q,2.492
instr_rvalid_i,u_ibex_core.if_stage_i.gen_prefetch_buffer.prefetch_buffer_i.fifo_i.rdata_q,2.492
instr_rvalid_i,u_ibex_core.if_stage_i.gen_prefetch_buffer.prefetch_buffer_i.fifo_i.rdata_q,2.492
instr_rvalid_i,u_ibex_core.if_stage_i.gen_prefetch_buffer.prefetch_buffer_i.fifo_i.rdata_q,2.492
instr_rvalid_i,u_ibex_core.if_stage_i.gen_prefetch_buffer.prefetch_buffer_i.fifo_i.rdata_q,2.492
instr_rvalid_i,u_ibex_core.if_stage_i.gen_prefetch_buffer.prefetch_buffer_i.fifo_i.rdata_q,2.492
instr_rvalid_i,u_ibex_core.if_stage_i.gen_prefetch_buffer.prefetch_buffer_i.fifo_i.rdata_q,2.492
instr_rvalid_i,u_ibex_core.if_stage_i.gen_prefetch_buffer.prefetch_buffer_i.fifo_i.rdata_q,2.492
instr_rvalid_i,u_ibex_core.if_stage_i.gen_prefetch_buffer.prefetch_buffer_i.fifo_i.rdata_q,2.492
instr_rvalid_i,u_ibex_core.if_stage_i.gen_prefetch_buffer.prefetch_buffer_i.fifo_i.rdata_q,2.492
instr_rvalid_i,u_ibex_core.if_stage_i.gen_prefetch_buffer.prefetch_buffer_i.fifo_i.rdata_q,2.492
instr_rvalid_i,u_ibex_core.if_stage_i.gen_prefetch_buffer.prefetch_buffer_i.fifo_i.rdata_q,2.492
instr_rvalid_i,u_ibex_core.if_stage_i.gen_prefetch_buffer.prefetch_buffer_i.fifo_i.rdata_q,2.492
instr_rvalid_i,u_ibex_core.if_stage_i.gen_prefetch_buffer.prefetch_buffer_i.fifo_i.rdata_q,2.492
instr_rvalid_i,u_ibex_core.if_stage_i.gen_prefetch_buffer.prefetch_buffer_i.fifo_i.rdata_q,2.492
instr_rvalid_i,u_ibex_core.if_stage_i.gen_prefetch_buffer.prefetch_buffer_i.fifo_i.rdata_q,2.492
instr_rvalid_i,u_ibex_core.if_stage_i.gen_prefetch_buffer.prefetch_buffer_i.fifo_i.rdata_q,2.492
instr_rvalid_i,u_ibex_core.if_stage_i.gen_prefetch_buffer.prefetch_buffer_i.fifo_i.rdata_q,2.492
instr_rvalid_i,u_ibex_core.if_stage_i.gen_prefetch_buffer.prefetch_buffer_i.fifo_i.rdata_q,2.492
instr_rvalid_i,u_ibex_core.if_stage_i.gen_prefetch_buffer.prefetch_buffer_i.fifo_i.rdata_q,2.492
instr_rvalid_i,u_ibex_core.if_stage_i.gen_prefetch_buffer.prefetch_buffer_i.fifo_i.rdata_q,2.492
instr_rvalid_i,u_ibex_core.if_stage_i.gen_prefetch_buffer.prefetch_buffer_i.fifo_i.rdata_q,2.492
instr_rvalid_i,u_ibex_core.if_stage_i.gen_prefetch_buffer.prefetch_buffer_i.fifo_i.rdata_q,2.492
instr_rvalid_i,u_ibex_core.if_stage_i.gen_prefetch_buffer.prefetch_buffer_i.fifo_i.rdata_q,2.492
instr_rvalid_i,u_ibex_core.if_stage_i.gen_prefetch_buffer.prefetch_buffer_i.fifo_i.rdata_q,2.492
instr_rvalid_i,u_ibex_core.if_stage_i.gen_prefetch_buffer.prefetch_buffer_i.fifo_i.rdata_q,2.492
instr_rvalid_i,u_ibex_core.if_stage_i.gen_prefetch_buffer.prefetch_buffer_i.fifo_i.rdata_q,2.492
instr_rvalid_i,u_ibex_core.if_stage_i.gen_prefetch_buffer.prefetch_buffer_i.fifo_i.rdata_q,2.492
instr_rvalid_i,u_ibex_core.if_stage_i.gen_prefetch_buffer.prefetch_buffer_i.fifo_i.rdata_q,2.492
instr_rvalid_i,u_ibex_core.if_stage_i.gen_prefetch_buffer.prefetch_buffer_i.fifo_i.rdata_q,2.492
irq_fast_i[11],u_ibex_core.if_stage_i.gen_prefetch_buffer.prefetch_buffer_i.fetch_addr_q,2.502
irq_fast_i[11],u_ibex_core.if_stage_i.gen_prefetch_buffer.prefetch_buffer_i.fetch_addr_q,2.5285
data_gnt_i,u_ibex_core.load_store_unit_i.ls_fsm_cs,2.5351
data_gnt_i,u_ibex_core.load_store_unit_i.ls_fsm_cs,2.5351
data_gnt_i,u_ibex_core.load_store_unit_i.ls_fsm_cs,2.5351
instr_rvalid_i,u_ibex_core.if_stage_i.gen_prefetch_buffer.prefetch_buffer_i.fifo_i.rdata_q,2.5478
instr_rvalid_i,u_ibex_core.if_stage_i.gen_prefetch_buffer.prefetch_buffer_i.fifo_i.rdata_q,2.5478
instr_rvalid_i,u_ibex_core.if_stage_i.gen_prefetch_buffer.prefetch_buffer_i.fifo_i.rdata_q,2.5478
data_rvalid_i,u_ibex_core.load_store_unit_i.rdata_q,2.5561
data_rvalid_i,u_ibex_core.load_store_unit_i.rdata_q,2.5561
data_rvalid_i,u_ibex_core.load_store_unit_i.rdata_q,2.5561
data_rvalid_i,u_ibex_core.load_store_unit_i.rdata_q,2.5561
data_rvalid_i,u_ibex_core.load_store_unit_i.rdata_q,2.5561
data_rvalid_i,u_ibex_core.load_store_unit_i.rdata_q,2.5561
data_rvalid_i,u_ibex_core.load_store_unit_i.rdata_q,2.5561
data_rvalid_i,u_ibex_core.load_store_unit_i.rdata_q,2.5561
data_rvalid_i,u_ibex_core.load_store_unit_i.rdata_q,2.5561
data_rvalid_i,u_ibex_core.load_store_unit_i.rdata_q,2.5561
data_rvalid_i,u_ibex_core.load_store_unit_i.rdata_q,2.5561
data_rvalid_i,u_ibex_core.load_store_unit_i.rdata_q,2.5561
data_rvalid_i,u_ibex_core.load_store_unit_i.rdata_q,2.5561
data_rvalid_i,u_ibex_core.load_store_unit_i.rdata_q,2.5561
data_rvalid_i,u_ibex_core.load_store_unit_i.rdata_q,2.5561
data_rvalid_i,u_ibex_core.load_store_unit_i.rdata_q,2.5561
data_rvalid_i,u_ibex_core.load_store_unit_i.rdata_q,2.5561
data_rvalid_i,u_ibex_core.load_store_unit_i.rdata_q,2.5561
data_rvalid_i,u_ibex_core.load_store_unit_i.rdata_q,2.5561
data_rvalid_i,u_ibex_core.load_store_unit_i.rdata_q,2.5561
irq_fast_i[11],u_ibex_core.if_stage_i.gen_prefetch_buffer.prefetch_buffer_i.fetch_addr_q,2.5601
data_gnt_i,u_ibex_core.load_store_unit_i.handle_misaligned_q,2.5657
irq_fast_i[11],u_ibex_core.if_stage_i.gen_prefetch_buffer.prefetch_buffer_i.fetch_addr_q,2.5786
data_rvalid_i,u_ibex_core.id_stage_i.id_fsm_q,2.5814
data_rvalid_i,u_ibex_core.load_store_unit_i.lsu_err_q,2.5872
instr_gnt_i,u_ibex_core.if_stage_i.gen_prefetch_buffer.prefetch_buffer_i.stored_addr_q,2.5918
instr_gnt_i,u_ibex_core.if_stage_i.gen_prefetch_buffer.prefetch_buffer_i.stored_addr_q,2.5918
instr_gnt_i,u_ibex_core.if_stage_i.gen_prefetch_buffer.prefetch_buffer_i.stored_addr_q,2.5918
instr_gnt_i,u_ibex_core.if_stage_i.gen_prefetch_buffer.prefetch_buffer_i.stored_addr_q,2.5918
instr_gnt_i,u_ibex_core.if_stage_i.gen_prefetch_buffer.prefetch_buffer_i.stored_addr_q,2.5918
instr_gnt_i,u_ibex_core.if_stage_i.gen_prefetch_buffer.prefetch_buffer_i.stored_addr_q,2.5918
instr_gnt_i,u_ibex_core.if_stage_i.gen_prefetch_buffer.prefetch_buffer_i.stored_addr_q,2.5918
instr_gnt_i,u_ibex_core.if_stage_i.gen_prefetch_buffer.prefetch_buffer_i.stored_addr_q,2.5918
instr_gnt_i,u_ibex_core.if_stage_i.gen_prefetch_buffer.prefetch_buffer_i.stored_addr_q,2.5918
instr_gnt_i,u_ibex_core.if_stage_i.gen_prefetch_buffer.prefetch_buffer_i.stored_addr_q,2.5918
instr_gnt_i,u_ibex_core.if_stage_i.gen_prefetch_buffer.prefetch_buffer_i.stored_addr_q,2.5918
instr_gnt_i,u_ibex_core.if_stage_i.gen_prefetch_buffer.prefetch_buffer_i.stored_addr_q,2.5918
instr_gnt_i,u_ibex_core.if_stage_i.gen_prefetch_buffer.prefetch_buffer_i.stored_addr_q,2.5918
instr_gnt_i,u_ibex_core.if_stage_i.gen_prefetch_buffer.prefetch_buffer_i.stored_addr_q,2.5918
instr_gnt_i,u_ibex_core.if_stage_i.gen_prefetch_buffer.prefetch_buffer_i.stored_addr_q,2.5918
instr_gnt_i,u_ibex_core.if_stage_i.gen_prefetch_buffer.prefetch_buffer_i.stored_addr_q,2.5918
instr_gnt_i,u_ibex_core.if_stage_i.gen_prefetch_buffer.prefetch_buffer_i.stored_addr_q,2.5918
instr_gnt_i,u_ibex_core.if_stage_i.gen_prefetch_buffer.prefetch_buffer_i.stored_addr_q,2.5918
instr_gnt_i,u_ibex_core.if_stage_i.gen_prefetch_buffer.prefetch_buffer_i.stored_addr_q,2.5918
instr_gnt_i,u_ibex_core.if_stage_i.gen_prefetch_buffer.prefetch_buffer_i.stored_addr_q,2.5918
data_gnt_i,u_ibex_core.load_store_unit_i.data_type_q,2.5963
data_gnt_i,u_ibex_core.load_store_unit_i.data_we_q,2.5963
data_gnt_i,u_ibex_core.load_store_unit_i.data_sign_ext_q,2.5963
instr_gnt_i,u_ibex_core.if_stage_i.gen_prefetch_buffer.prefetch_buffer_i.stored_addr_q,2.6004
instr_gnt_i,u_ibex_core.if_stage_i.gen_prefetch_buffer.prefetch_buffer_i.stored_addr_q,2.6004
instr_gnt_i,u_ibex_core.if_stage_i.gen_prefetch_buffer.prefetch_buffer_i.stored_addr_q,2.6004
instr_gnt_i,u_ibex_core.if_stage_i.gen_prefetch_buffer.prefetch_buffer_i.stored_addr_q,2.6004
instr_gnt_i,u_ibex_core.if_stage_i.gen_prefetch_buffer.prefetch_buffer_i.stored_addr_q,2.6004
instr_gnt_i,u_ibex_core.if_stage_i.gen_prefetch_buffer.prefetch_buffer_i.stored_addr_q,2.6004
instr_gnt_i,u_ibex_core.if_stage_i.gen_prefetch_buffer.prefetch_buffer_i.stored_addr_q,2.6004
instr_gnt_i,u_ibex_core.if_stage_i.gen_prefetch_buffer.prefetch_buffer_i.stored_addr_q,2.6004
instr_gnt_i,u_ibex_core.if_stage_i.gen_prefetch_buffer.prefetch_buffer_i.stored_addr_q,2.6004
instr_gnt_i,u_ibex_core.if_stage_i.gen_prefetch_buffer.prefetch_buffer_i.stored_addr_q,2.6004
data_gnt_i,u_ibex_core.load_store_unit_i.data_type_q,2.6024
data_gnt_i,u_ibex_core.load_store_unit_i.rdata_offset_q,2.6024
data_gnt_i,u_ibex_core.load_store_unit_i.rdata_offset_q,2.6028
instr_gnt_i,u_ibex_core.if_stage_i.gen_prefetch_buffer.prefetch_buffer_i.branch_discard_q,2.6112
data_rvalid_i,u_ibex_core.load_store_unit_i.rdata_q,2.6131
data_rvalid_i,u_ibex_core.load_store_unit_i.rdata_q,2.6131
data_rvalid_i,u_ibex_core.load_store_unit_i.rdata_q,2.6131
data_rvalid_i,u_ibex_core.load_store_unit_i.rdata_q,2.6131
irq_fast_i[11],u_ibex_core.if_stage_i.gen_prefetch_buffer.prefetch_buffer_i.fetch_addr_q,2.6137
instr_gnt_i,u_ibex_core.if_stage_i.gen_prefetch_buffer.prefetch_buffer_i.branch_discard_q,2.6194
irq_fast_i[11],u_ibex_core.if_stage_i.gen_prefetch_buffer.prefetch_buffer_i.fetch_addr_q,2.6539
instr_gnt_i,u_ibex_core.if_stage_i.gen_prefetch_buffer.prefetch_buffer_i.rdata_outstanding_q,2.6573
data_rvalid_i,u_ibex_core.id_stage_i.controller_i.load_err_q,2.67
data_rvalid_i,u_ibex_core.id_stage_i.controller_i.store_err_q,2.6701
instr_gnt_i,u_ibex_core.if_stage_i.gen_prefetch_buffer.prefetch_buffer_i.rdata_outstanding_q,2.6731
irq_fast_i[11],u_ibex_core.if_stage_i.gen_prefetch_buffer.prefetch_buffer_i.fetch_addr_q,2.6991
irq_fast_i[11],u_ibex_core.if_stage_i.gen_prefetch_buffer.prefetch_buffer_i.fetch_addr_q,2.7263
instr_gnt_i,u_ibex_core.if_stage_i.gen_prefetch_buffer.prefetch_buffer_i.valid_req_q,2.7432
irq_fast_i[11],u_ibex_core.if_stage_i.gen_prefetch_buffer.prefetch_buffer_i.fetch_addr_q,2.7544
irq_fast_i[11],u_ibex_core.if_stage_i.gen_prefetch_buffer.prefetch_buffer_i.fetch_addr_q,2.7793
irq_fast_i[11],u_ibex_core.if_stage_i.gen_prefetch_buffer.prefetch_buffer_i.fetch_addr_q,2.8201
irq_fast_i[11],u_ibex_core.cs_registers_i.priv_lvl_q,2.8286
irq_fast_i[11],u_ibex_core.cs_registers_i.priv_lvl_q,2.8286
irq_fast_i[11],u_ibex_core.if_stage_i.gen_prefetch_buffer.prefetch_buffer_i.discard_req_q,2.8468
irq_fast_i[11],u_ibex_core.if_stage_i.gen_prefetch_buffer.prefetch_buffer_i.fetch_addr_q,2.8531
irq_fast_i[11],u_ibex_core.cs_registers_i.mstack_epc_q,2.8576
irq_fast_i[11],u_ibex_core.cs_registers_i.mstack_epc_q,2.8576
irq_fast_i[11],u_ibex_core.cs_registers_i.mstack_epc_q,2.8576
irq_fast_i[11],u_ibex_core.cs_registers_i.mstack_epc_q,2.8576
irq_fast_i[11],u_ibex_core.cs_registers_i.mstack_epc_q,2.8576
irq_fast_i[11],u_ibex_core.cs_registers_i.mstack_epc_q,2.8576
irq_fast_i[11],u_ibex_core.cs_registers_i.mstack_epc_q,2.8576
irq_fast_i[11],u_ibex_core.cs_registers_i.mstack_epc_q,2.8576
irq_fast_i[11],u_ibex_core.cs_registers_i.mstack_epc_q,2.8576
irq_fast_i[11],u_ibex_core.cs_registers_i.mstack_epc_q,2.8637
irq_fast_i[11],u_ibex_core.cs_registers_i.mstack_epc_q,2.8637
irq_fast_i[11],u_ibex_core.cs_registers_i.mstack_epc_q,2.8637
irq_fast_i[11],u_ibex_core.cs_registers_i.mstack_epc_q,2.8637
irq_fast_i[11],u_ibex_core.cs_registers_i.mstack_epc_q,2.8637
irq_fast_i[11],u_ibex_core.cs_registers_i.mstack_epc_q,2.8637
irq_fast_i[11],u_ibex_core.cs_registers_i.mstack_epc_q,2.8637
irq_fast_i[11],u_ibex_core.cs_registers_i.mstack_epc_q,2.8637
irq_fast_i[11],u_ibex_core.cs_registers_i.mstack_epc_q,2.8637
irq_fast_i[11],u_ibex_core.cs_registers_i.mstack_epc_q,2.8637
irq_fast_i[11],u_ibex_core.cs_registers_i.mstack_epc_q,2.8637
irq_fast_i[11],u_ibex_core.cs_registers_i.mstack_epc_q,2.8637
irq_fast_i[11],u_ibex_core.cs_registers_i.mstack_epc_q,2.8637
irq_fast_i[11],u_ibex_core.cs_registers_i.mstack_epc_q,2.8637
irq_fast_i[11],u_ibex_core.cs_registers_i.mstack_epc_q,2.8637
irq_fast_i[11],u_ibex_core.cs_registers_i.mstack_epc_q,2.8637
irq_fast_i[11],u_ibex_core.cs_registers_i.mstack_epc_q,2.8637
irq_fast_i[11],u_ibex_core.cs_registers_i.mstack_epc_q,2.8637
irq_fast_i[11],u_ibex_core.cs_registers_i.mstack_epc_q,2.8637
irq_fast_i[11],u_ibex_core.cs_registers_i.mstack_epc_q,2.8637
irq_fast_i[11],u_ibex_core.cs_registers_i.mstack_epc_q,2.8637
irq_fast_i[11],u_ibex_core.cs_registers_i.mstack_epc_q,2.8637
irq_fast_i[11],u_ibex_core.cs_registers_i.mstack_epc_q,2.8637
irq_fast_i[11],u_ibex_core.cs_registers_i.mstack_cause_q,2.8637
irq_fast_i[11],u_ibex_core.cs_registers_i.mstack_cause_q,2.8637
irq_fast_i[11],u_ibex_core.cs_registers_i.mstack_cause_q,2.8637
irq_fast_i[11],u_ibex_core.cs_registers_i.mstack_cause_q,2.8637
irq_fast_i[11],u_ibex_core.cs_registers_i.mstack_cause_q,2.8637
irq_fast_i[11],u_ibex_core.cs_registers_i.mstack_cause_q,2.8637
irq_fast_i[11],u_ibex_core.cs_registers_i.mstack_cause_q,2.8637
irq_fast_i[11],u_ibex_core.if_stage_i.gen_prefetch_buffer.prefetch_buffer_i.fetch_addr_q,2.8664
irq_fast_i[11],u_ibex_core.cs_registers_i.mstack_q,2.8683
irq_fast_i[11],u_ibex_core.cs_registers_i.mstack_q,2.8683
irq_fast_i[11],u_ibex_core.cs_registers_i.mstack_q,2.8687
irq_fast_i[11],core_busy_q,2.8935
irq_fast_i[11],u_ibex_core.if_stage_i.gen_prefetch_buffer.prefetch_buffer_i.fetch_addr_q,2.8993
irq_fast_i[11],u_ibex_core.if_stage_i.gen_prefetch_buffer.prefetch_buffer_i.fetch_addr_q,2.9183
irq_fast_i[11],u_ibex_core.cs_registers_i.nmi_mode_i,3.1532
debug_req_i,u_ibex_core.id_stage_i.controller_i.enter_debug_mode_prio_q,3.4859
debug_req_i,u_ibex_core.cs_registers_i.debug_cause_i,3.5071
debug_req_i,u_ibex_core.cs_registers_i.debug_cause_i,3.5133
debug_req_i,u_ibex_core.cs_registers_i.debug_cause_i,3.5275
